Archive member included to satisfy reference by file (symbol)

c:/st/stm32cubeide_1.3.0/stm32cubeide/plugins/com.st.stm32cube.ide.mcu.externaltools.gnu-tools-for-stm32.7-2018-q2-update.win32_1.4.0.202007081208/tools/bin/../lib/gcc/arm-none-eabi/7.3.1/../../../../arm-none-eabi/lib/thumb/v7e-m/fpv4-sp/hard\libc_nano.a(lib_a-errno.o)
                              Core/Src/syscalls.o (__errno)
c:/st/stm32cubeide_1.3.0/stm32cubeide/plugins/com.st.stm32cube.ide.mcu.externaltools.gnu-tools-for-stm32.7-2018-q2-update.win32_1.4.0.202007081208/tools/bin/../lib/gcc/arm-none-eabi/7.3.1/../../../../arm-none-eabi/lib/thumb/v7e-m/fpv4-sp/hard\libc_nano.a(lib_a-exit.o)
                              c:/st/stm32cubeide_1.3.0/stm32cubeide/plugins/com.st.stm32cube.ide.mcu.externaltools.gnu-tools-for-stm32.7-2018-q2-update.win32_1.4.0.202007081208/tools/bin/../lib/gcc/arm-none-eabi/7.3.1/../../../../arm-none-eabi/lib/thumb/v7e-m/fpv4-sp/hard/crt0.o (exit)
c:/st/stm32cubeide_1.3.0/stm32cubeide/plugins/com.st.stm32cube.ide.mcu.externaltools.gnu-tools-for-stm32.7-2018-q2-update.win32_1.4.0.202007081208/tools/bin/../lib/gcc/arm-none-eabi/7.3.1/../../../../arm-none-eabi/lib/thumb/v7e-m/fpv4-sp/hard\libc_nano.a(lib_a-impure.o)
                              c:/st/stm32cubeide_1.3.0/stm32cubeide/plugins/com.st.stm32cube.ide.mcu.externaltools.gnu-tools-for-stm32.7-2018-q2-update.win32_1.4.0.202007081208/tools/bin/../lib/gcc/arm-none-eabi/7.3.1/../../../../arm-none-eabi/lib/thumb/v7e-m/fpv4-sp/hard\libc_nano.a(lib_a-exit.o) (_global_impure_ptr)
c:/st/stm32cubeide_1.3.0/stm32cubeide/plugins/com.st.stm32cube.ide.mcu.externaltools.gnu-tools-for-stm32.7-2018-q2-update.win32_1.4.0.202007081208/tools/bin/../lib/gcc/arm-none-eabi/7.3.1/../../../../arm-none-eabi/lib/thumb/v7e-m/fpv4-sp/hard\libc_nano.a(lib_a-init.o)
                              c:/st/stm32cubeide_1.3.0/stm32cubeide/plugins/com.st.stm32cube.ide.mcu.externaltools.gnu-tools-for-stm32.7-2018-q2-update.win32_1.4.0.202007081208/tools/bin/../lib/gcc/arm-none-eabi/7.3.1/../../../../arm-none-eabi/lib/thumb/v7e-m/fpv4-sp/hard/crt0.o (__libc_init_array)
c:/st/stm32cubeide_1.3.0/stm32cubeide/plugins/com.st.stm32cube.ide.mcu.externaltools.gnu-tools-for-stm32.7-2018-q2-update.win32_1.4.0.202007081208/tools/bin/../lib/gcc/arm-none-eabi/7.3.1/../../../../arm-none-eabi/lib/thumb/v7e-m/fpv4-sp/hard\libc_nano.a(lib_a-malloc.o)
                              Middlewares/ST/STM32_USB_Device_Library/Class/CDC/Src/usbd_cdc.o (malloc)
c:/st/stm32cubeide_1.3.0/stm32cubeide/plugins/com.st.stm32cube.ide.mcu.externaltools.gnu-tools-for-stm32.7-2018-q2-update.win32_1.4.0.202007081208/tools/bin/../lib/gcc/arm-none-eabi/7.3.1/../../../../arm-none-eabi/lib/thumb/v7e-m/fpv4-sp/hard\libc_nano.a(lib_a-memset.o)
                              c:/st/stm32cubeide_1.3.0/stm32cubeide/plugins/com.st.stm32cube.ide.mcu.externaltools.gnu-tools-for-stm32.7-2018-q2-update.win32_1.4.0.202007081208/tools/bin/../lib/gcc/arm-none-eabi/7.3.1/../../../../arm-none-eabi/lib/thumb/v7e-m/fpv4-sp/hard/crt0.o (memset)
c:/st/stm32cubeide_1.3.0/stm32cubeide/plugins/com.st.stm32cube.ide.mcu.externaltools.gnu-tools-for-stm32.7-2018-q2-update.win32_1.4.0.202007081208/tools/bin/../lib/gcc/arm-none-eabi/7.3.1/../../../../arm-none-eabi/lib/thumb/v7e-m/fpv4-sp/hard\libc_nano.a(lib_a-nano-freer.o)
                              c:/st/stm32cubeide_1.3.0/stm32cubeide/plugins/com.st.stm32cube.ide.mcu.externaltools.gnu-tools-for-stm32.7-2018-q2-update.win32_1.4.0.202007081208/tools/bin/../lib/gcc/arm-none-eabi/7.3.1/../../../../arm-none-eabi/lib/thumb/v7e-m/fpv4-sp/hard\libc_nano.a(lib_a-malloc.o) (_free_r)
c:/st/stm32cubeide_1.3.0/stm32cubeide/plugins/com.st.stm32cube.ide.mcu.externaltools.gnu-tools-for-stm32.7-2018-q2-update.win32_1.4.0.202007081208/tools/bin/../lib/gcc/arm-none-eabi/7.3.1/../../../../arm-none-eabi/lib/thumb/v7e-m/fpv4-sp/hard\libc_nano.a(lib_a-nano-mallocr.o)
                              c:/st/stm32cubeide_1.3.0/stm32cubeide/plugins/com.st.stm32cube.ide.mcu.externaltools.gnu-tools-for-stm32.7-2018-q2-update.win32_1.4.0.202007081208/tools/bin/../lib/gcc/arm-none-eabi/7.3.1/../../../../arm-none-eabi/lib/thumb/v7e-m/fpv4-sp/hard\libc_nano.a(lib_a-malloc.o) (_malloc_r)
c:/st/stm32cubeide_1.3.0/stm32cubeide/plugins/com.st.stm32cube.ide.mcu.externaltools.gnu-tools-for-stm32.7-2018-q2-update.win32_1.4.0.202007081208/tools/bin/../lib/gcc/arm-none-eabi/7.3.1/../../../../arm-none-eabi/lib/thumb/v7e-m/fpv4-sp/hard\libc_nano.a(lib_a-sbrkr.o)
                              c:/st/stm32cubeide_1.3.0/stm32cubeide/plugins/com.st.stm32cube.ide.mcu.externaltools.gnu-tools-for-stm32.7-2018-q2-update.win32_1.4.0.202007081208/tools/bin/../lib/gcc/arm-none-eabi/7.3.1/../../../../arm-none-eabi/lib/thumb/v7e-m/fpv4-sp/hard\libc_nano.a(lib_a-nano-mallocr.o) (_sbrk_r)
[...]
Memory Configuration

Name             Origin             Length             Attributes
RAM              0x0000000020000000 0x0000000000020000 xrw
FLASH            0x0000000008000000 0x0000000000080000 xr
*default*        0x0000000000000000 0xffffffffffffffff

Linker script and memory map

LOAD c:/st/stm32cubeide_1.3.0/stm32cubeide/plugins/com.st.stm32cube.ide.mcu.externaltools.gnu-tools-for-stm32.7-2018-q2-update.win32_1.4.0.202007081208/tools/bin/../lib/gcc/arm-none-eabi/7.3.1/thumb/v7e-m/fpv4-sp/hard/crti.o
LOAD c:/st/stm32cubeide_1.3.0/stm32cubeide/plugins/com.st.stm32cube.ide.mcu.externaltools.gnu-tools-for-stm32.7-2018-q2-update.win32_1.4.0.202007081208/tools/bin/../lib/gcc/arm-none-eabi/7.3.1/thumb/v7e-m/fpv4-sp/hard/crtbegin.o
LOAD c:/st/stm32cubeide_1.3.0/stm32cubeide/plugins/com.st.stm32cube.ide.mcu.externaltools.gnu-tools-for-stm32.7-2018-q2-update.win32_1.4.0.202007081208/tools/bin/../lib/gcc/arm-none-eabi/7.3.1/../../../../arm-none-eabi/lib/thumb/v7e-m/fpv4-sp/hard/crt0.o
LOAD Core/Src/main.o
LOAD Core/Src/stm32f4xx_hal_msp.o
LOAD Core/Src/stm32f4xx_it.o
LOAD Core/Src/syscalls.o
LOAD Core/Src/sysmem.o
LOAD Core/Src/system_stm32f4xx.o
LOAD Core/Startup/startup_stm32f411vetx.o
LOAD Drivers/STM32F4xx_HAL_Driver/Src/stm32f4xx_hal.o
LOAD Drivers/STM32F4xx_HAL_Driver/Src/stm32f4xx_hal_adc.o
LOAD Drivers/STM32F4xx_HAL_Driver/Src/stm32f4xx_hal_adc_ex.o
LOAD Drivers/STM32F4xx_HAL_Driver/Src/stm32f4xx_hal_cortex.o
LOAD Drivers/STM32F4xx_HAL_Driver/Src/stm32f4xx_hal_dma.o
LOAD Drivers/STM32F4xx_HAL_Driver/Src/stm32f4xx_hal_dma_ex.o
LOAD Drivers/STM32F4xx_HAL_Driver/Src/stm32f4xx_hal_exti.o
LOAD Drivers/STM32F4xx_HAL_Driver/Src/stm32f4xx_hal_flash.o
LOAD Drivers/STM32F4xx_HAL_Driver/Src/stm32f4xx_hal_flash_ex.o
LOAD Drivers/STM32F4xx_HAL_Driver/Src/stm32f4xx_hal_flash_ramfunc.o
LOAD Drivers/STM32F4xx_HAL_Driver/Src/stm32f4xx_hal_gpio.o
LOAD Drivers/STM32F4xx_HAL_Driver/Src/stm32f4xx_hal_pcd.o
LOAD Drivers/STM32F4xx_HAL_Driver/Src/stm32f4xx_hal_pcd_ex.o
LOAD Drivers/STM32F4xx_HAL_Driver/Src/stm32f4xx_hal_pwr.o
LOAD Drivers/STM32F4xx_HAL_Driver/Src/stm32f4xx_hal_pwr_ex.o
LOAD Drivers/STM32F4xx_HAL_Driver/Src/stm32f4xx_hal_rcc.o
LOAD Drivers/STM32F4xx_HAL_Driver/Src/stm32f4xx_hal_rcc_ex.o
LOAD Drivers/STM32F4xx_HAL_Driver/Src/stm32f4xx_hal_spi.o
LOAD Drivers/STM32F4xx_HAL_Driver/Src/stm32f4xx_hal_tim.o
LOAD Drivers/STM32F4xx_HAL_Driver/Src/stm32f4xx_hal_tim_ex.o
LOAD Drivers/STM32F4xx_HAL_Driver/Src/stm32f4xx_hal_uart.o
LOAD Drivers/STM32F4xx_HAL_Driver/Src/stm32f4xx_ll_usb.o
LOAD Middlewares/ST/STM32_USB_Device_Library/Class/CDC/Src/usbd_cdc.o
LOAD Middlewares/ST/STM32_USB_Device_Library/Core/Src/usbd_core.o
LOAD Middlewares/ST/STM32_USB_Device_Library/Core/Src/usbd_ctlreq.o
LOAD Middlewares/ST/STM32_USB_Device_Library/Core/Src/usbd_ioreq.o
LOAD USB_DEVICE/App/usb_device.o
LOAD USB_DEVICE/App/usbd_cdc_if.o
LOAD USB_DEVICE/App/usbd_desc.o
LOAD USB_DEVICE/Target/usbd_conf.o
START GROUP
LOAD c:/st/stm32cubeide_1.3.0/stm32cubeide/plugins/com.st.stm32cube.ide.mcu.externaltools.gnu-tools-for-stm32.7-2018-q2-update.win32_1.4.0.202007081208/tools/bin/../lib/gcc/arm-none-eabi/7.3.1/../../../../arm-none-eabi/lib/thumb/v7e-m/fpv4-sp/hard\libc_nano.a
LOAD c:/st/stm32cubeide_1.3.0/stm32cubeide/plugins/com.st.stm32cube.ide.mcu.externaltools.gnu-tools-for-stm32.7-2018-q2-update.win32_1.4.0.202007081208/tools/bin/../lib/gcc/arm-none-eabi/7.3.1/../../../../arm-none-eabi/lib/thumb/v7e-m/fpv4-sp/hard\libm.a
END GROUP
START GROUP
LOAD c:/st/stm32cubeide_1.3.0/stm32cubeide/plugins/com.st.stm32cube.ide.mcu.externaltools.gnu-tools-for-stm32.7-2018-q2-update.win32_1.4.0.202007081208/tools/bin/../lib/gcc/arm-none-eabi/7.3.1/thumb/v7e-m/fpv4-sp/hard\libgcc.a
LOAD c:/st/stm32cubeide_1.3.0/stm32cubeide/plugins/com.st.stm32cube.ide.mcu.externaltools.gnu-tools-for-stm32.7-2018-q2-update.win32_1.4.0.202007081208/tools/bin/../lib/gcc/arm-none-eabi/7.3.1/../../../../arm-none-eabi/lib/thumb/v7e-m/fpv4-sp/hard\libc_nano.a
END GROUP
START GROUP
LOAD c:/st/stm32cubeide_1.3.0/stm32cubeide/plugins/com.st.stm32cube.ide.mcu.externaltools.gnu-tools-for-stm32.7-2018-q2-update.win32_1.4.0.202007081208/tools/bin/../lib/gcc/arm-none-eabi/7.3.1/thumb/v7e-m/fpv4-sp/hard\libgcc.a
LOAD c:/st/stm32cubeide_1.3.0/stm32cubeide/plugins/com.st.stm32cube.ide.mcu.externaltools.gnu-tools-for-stm32.7-2018-q2-update.win32_1.4.0.202007081208/tools/bin/../lib/gcc/arm-none-eabi/7.3.1/../../../../arm-none-eabi/lib/thumb/v7e-m/fpv4-sp/hard\libc_nano.a
LOAD c:/st/stm32cubeide_1.3.0/stm32cubeide/plugins/com.st.stm32cube.ide.mcu.externaltools.gnu-tools-for-stm32.7-2018-q2-update.win32_1.4.0.202007081208/tools/bin/../lib/gcc/arm-none-eabi/7.3.1/../../../../arm-none-eabi/lib/thumb/v7e-m/fpv4-sp/hard\libnosys.a
END GROUP
START GROUP
LOAD c:/st/stm32cubeide_1.3.0/stm32cubeide/plugins/com.st.stm32cube.ide.mcu.externaltools.gnu-tools-for-stm32.7-2018-q2-update.win32_1.4.0.202007081208/tools/bin/../lib/gcc/arm-none-eabi/7.3.1/thumb/v7e-m/fpv4-sp/hard\libgcc.a
LOAD c:/st/stm32cubeide_1.3.0/stm32cubeide/plugins/com.st.stm32cube.ide.mcu.externaltools.gnu-tools-for-stm32.7-2018-q2-update.win32_1.4.0.202007081208/tools/bin/../lib/gcc/arm-none-eabi/7.3.1/../../../../arm-none-eabi/lib/thumb/v7e-m/fpv4-sp/hard\libc_nano.a
LOAD c:/st/stm32cubeide_1.3.0/stm32cubeide/plugins/com.st.stm32cube.ide.mcu.externaltools.gnu-tools-for-stm32.7-2018-q2-update.win32_1.4.0.202007081208/tools/bin/../lib/gcc/arm-none-eabi/7.3.1/../../../../arm-none-eabi/lib/thumb/v7e-m/fpv4-sp/hard\libnosys.a
END GROUP
LOAD c:/st/stm32cubeide_1.3.0/stm32cubeide/plugins/com.st.stm32cube.ide.mcu.externaltools.gnu-tools-for-stm32.7-2018-q2-update.win32_1.4.0.202007081208/tools/bin/../lib/gcc/arm-none-eabi/7.3.1/thumb/v7e-m/fpv4-sp/hard/crtend.o
LOAD c:/st/stm32cubeide_1.3.0/stm32cubeide/plugins/com.st.stm32cube.ide.mcu.externaltools.gnu-tools-for-stm32.7-2018-q2-update.win32_1.4.0.202007081208/tools/bin/../lib/gcc/arm-none-eabi/7.3.1/thumb/v7e-m/fpv4-sp/hard/crtn.o
                0x0000000020020000                _estack = (ORIGIN (RAM) + LENGTH (RAM))
                0x0000000000002000                _Min_Heap_Size = 0x2000
                0x0000000000004000                _Min_Stack_Size = 0x4000

.isr_vector     0x0000000008000000      0x198
                0x0000000008000000                . = ALIGN (0x4)
 *(.isr_vector)
 .isr_vector    0x0000000008000000      0x198 Core/Startup/startup_stm32f411vetx.o
                0x0000000008000000                g_pfnVectors
                0x0000000008000198                . = ALIGN (0x4)

.text           0x0000000008000198     0x8ea8
                0x0000000008000198                . = ALIGN (0x4)
 *(.text)
 .text          0x0000000008000198       0x40 c:/st/stm32cubeide_1.3.0/stm32cubeide/plugins/com.st.stm32cube.ide.mcu.externaltools.gnu-tools-for-stm32.7-2018-q2-update.win32_1.4.0.202007081208/tools/bin/../lib/gcc/arm-none-eabi/7.3.1/thumb/v7e-m/fpv4-sp/hard/crtbegin.o
 .text          0x00000000080001d8       0x30 c:/st/stm32cubeide_1.3.0/stm32cubeide/plugins/com.st.stm32cube.ide.mcu.externaltools.gnu-tools-for-stm32.7-2018-q2-update.win32_1.4.0.202007081208/tools/bin/../lib/gcc/arm-none-eabi/7.3.1/thumb/v7e-m/fpv4-sp/hard\libgcc.a(_aeabi_uldivmod.o)
                0x00000000080001d8                __aeabi_uldivmod
 .text          0x0000000008000208      0x2cc c:/st/stm32cubeide_1.3.0/stm32cubeide/plugins/com.st.stm32cube.ide.mcu.externaltools.gnu-tools-for-stm32.7-2018-q2-update.win32_1.4.0.202007081208/tools/bin/../lib/gcc/arm-none-eabi/7.3.1/thumb/v7e-m/fpv4-sp/hard\libgcc.a(_udivmoddi4.o)
                0x0000000008000208                __udivmoddi4
 .text          0x00000000080004d4        0x4 c:/st/stm32cubeide_1.3.0/stm32cubeide/plugins/com.st.stm32cube.ide.mcu.externaltools.gnu-tools-for-stm32.7-2018-q2-update.win32_1.4.0.202007081208/tools/bin/../lib/gcc/arm-none-eabi/7.3.1/thumb/v7e-m/fpv4-sp/hard\libgcc.a(_dvmd_tls.o)
                0x00000000080004d4                __aeabi_idiv0
                0x00000000080004d4                __aeabi_ldiv0
 *(.text*)
 .text.HAL_ADC_ConvCpltCallback
                0x00000000080004d8       0x14 Core/Src/main.o
                0x00000000080004d8                HAL_ADC_ConvCpltCallback
 .text.checking_baterry
                0x00000000080004ec       0x38 Core/Src/main.o
                0x00000000080004ec                checking_baterry
 .text.CDC_ReceiveCallback
                0x0000000008000524       0x38 Core/Src/main.o
                0x0000000008000524                CDC_ReceiveCallback
 .text.main     0x000000000800055c       0x64 Core/Src/main.o
                0x000000000800055c                main
 .text.SystemClock_Config
                0x00000000080005c0       0xd0 Core/Src/main.o
                0x00000000080005c0                SystemClock_Config
 .text.MX_ADC1_Init
                0x0000000008000690       0xa4 Core/Src/main.o
 .text.MX_SPI1_Init
                0x0000000008000734       0x6c Core/Src/main.o
 .text.MX_TIM2_Init
                0x00000000080007a0       0xac Core/Src/main.o
 .text.MX_TIM4_Init
                0x000000000800084c      0x100 Core/Src/main.o
 .text.MX_USART1_UART_Init
                0x000000000800094c       0x54 Core/Src/main.o
 .text.MX_DMA_Init
                0x00000000080009a0       0x40 Core/Src/main.o
 .text.MX_GPIO_Init
                0x00000000080009e0      0x18c Core/Src/main.o
 .text.Error_Handler
                0x0000000008000b6c        0xe Core/Src/main.o
                0x0000000008000b6c                Error_Handler
 *fill*         0x0000000008000b7a        0x2 
 .text.HAL_MspInit
                0x0000000008000b7c       0x50 Core/Src/stm32f4xx_hal_msp.o
                0x0000000008000b7c                HAL_MspInit
 .text.HAL_ADC_MspInit
                0x0000000008000bcc       0xf0 Core/Src/stm32f4xx_hal_msp.o
                0x0000000008000bcc                HAL_ADC_MspInit
 .text.HAL_SPI_MspInit
                0x0000000008000cbc       0x90 Core/Src/stm32f4xx_hal_msp.o
                0x0000000008000cbc                HAL_SPI_MspInit
 .text.HAL_TIM_OC_MspInit
                0x0000000008000d4c       0x40 Core/Src/stm32f4xx_hal_msp.o
                0x0000000008000d4c                HAL_TIM_OC_MspInit
 .text.HAL_TIM_Base_MspInit
                0x0000000008000d8c       0x44 Core/Src/stm32f4xx_hal_msp.o
                0x0000000008000d8c                HAL_TIM_Base_MspInit
 .text.HAL_TIM_MspPostInit
                0x0000000008000dd0       0x74 Core/Src/stm32f4xx_hal_msp.o
                0x0000000008000dd0                HAL_TIM_MspPostInit
 .text.HAL_UART_MspInit
                0x0000000008000e44       0x90 Core/Src/stm32f4xx_hal_msp.o
                0x0000000008000e44                HAL_UART_MspInit
 .text.NMI_Handler
                0x0000000008000ed4        0xe Core/Src/stm32f4xx_it.o
                0x0000000008000ed4                NMI_Handler
 .text.HardFault_Handler
                0x0000000008000ee2        0x6 Core/Src/stm32f4xx_it.o
                0x0000000008000ee2                HardFault_Handler
 .text.MemManage_Handler
                0x0000000008000ee8        0x6 Core/Src/stm32f4xx_it.o
                0x0000000008000ee8                MemManage_Handler
 .text.BusFault_Handler
                0x0000000008000eee        0x6 Core/Src/stm32f4xx_it.o
                0x0000000008000eee                BusFault_Handler
 .text.UsageFault_Handler
                0x0000000008000ef4        0x6 Core/Src/stm32f4xx_it.o
                0x0000000008000ef4                UsageFault_Handler
 .text.SVC_Handler
                0x0000000008000efa        0xe Core/Src/stm32f4xx_it.o
                0x0000000008000efa                SVC_Handler
 .text.DebugMon_Handler
                0x0000000008000f08        0xe Core/Src/stm32f4xx_it.o
                0x0000000008000f08                DebugMon_Handler
 .text.PendSV_Handler
                0x0000000008000f16        0xe Core/Src/stm32f4xx_it.o
                0x0000000008000f16                PendSV_Handler
 .text.SysTick_Handler
                0x0000000008000f24        0xc Core/Src/stm32f4xx_it.o
                0x0000000008000f24                SysTick_Handler
 .text.EXTI9_5_IRQHandler
                0x0000000008000f30       0x1c Core/Src/stm32f4xx_it.o
                0x0000000008000f30                EXTI9_5_IRQHandler
 .text.DMA2_Stream0_IRQHandler
                0x0000000008000f4c       0x14 Core/Src/stm32f4xx_it.o
                0x0000000008000f4c                DMA2_Stream0_IRQHandler
 .text.OTG_FS_IRQHandler
                0x0000000008000f60       0x14 Core/Src/stm32f4xx_it.o
                0x0000000008000f60                OTG_FS_IRQHandler
 .text._sbrk    0x0000000008000f74       0x6c Core/Src/sysmem.o
                0x0000000008000f74                _sbrk
 .text.SystemInit
                0x0000000008000fe0       0x2c Core/Src/system_stm32f4xx.o
                0x0000000008000fe0                SystemInit
 .text.Reset_Handler
                0x000000000800100c       0x50 Core/Startup/startup_stm32f411vetx.o
                0x000000000800100c                Reset_Handler
 .text.Default_Handler
                0x000000000800105c        0x2 Core/Startup/startup_stm32f411vetx.o
                0x000000000800105c                RTC_Alarm_IRQHandler
                0x000000000800105c                EXTI2_IRQHandler
                0x000000000800105c                SPI4_IRQHandler
                0x000000000800105c                TIM1_CC_IRQHandler
                0x000000000800105c                DMA2_Stream5_IRQHandler
                0x000000000800105c                DMA1_Stream5_IRQHandler
                0x000000000800105c                PVD_IRQHandler
                0x000000000800105c                SDIO_IRQHandler
                0x000000000800105c                TAMP_STAMP_IRQHandler
                0x000000000800105c                EXTI3_IRQHandler
                0x000000000800105c                TIM1_UP_TIM10_IRQHandler
                0x000000000800105c                I2C3_ER_IRQHandler
                0x000000000800105c                EXTI0_IRQHandler
                0x000000000800105c                I2C2_EV_IRQHandler
                0x000000000800105c                DMA1_Stream2_IRQHandler
                0x000000000800105c                FPU_IRQHandler
                0x000000000800105c                DMA2_Stream2_IRQHandler
                0x000000000800105c                SPI1_IRQHandler
                0x000000000800105c                TIM1_BRK_TIM9_IRQHandler
                0x000000000800105c                DMA2_Stream3_IRQHandler
                0x000000000800105c                USART6_IRQHandler
                0x000000000800105c                TIM4_IRQHandler
                0x000000000800105c                I2C1_EV_IRQHandler
                0x000000000800105c                DMA1_Stream6_IRQHandler
                0x000000000800105c                DMA1_Stream1_IRQHandler
                0x000000000800105c                TIM3_IRQHandler
                0x000000000800105c                RCC_IRQHandler
                0x000000000800105c                Default_Handler
                0x000000000800105c                EXTI15_10_IRQHandler
                0x000000000800105c                ADC_IRQHandler
                0x000000000800105c                DMA1_Stream7_IRQHandler
                0x000000000800105c                SPI5_IRQHandler
                0x000000000800105c                TIM5_IRQHandler
                0x000000000800105c                DMA2_Stream7_IRQHandler
                0x000000000800105c                I2C3_EV_IRQHandler
                0x000000000800105c                RTC_WKUP_IRQHandler
                0x000000000800105c                SPI2_IRQHandler
                0x000000000800105c                DMA1_Stream0_IRQHandler
                0x000000000800105c                EXTI4_IRQHandler
                0x000000000800105c                WWDG_IRQHandler
                0x000000000800105c                TIM2_IRQHandler
                0x000000000800105c                OTG_FS_WKUP_IRQHandler
                0x000000000800105c                TIM1_TRG_COM_TIM11_IRQHandler
                0x000000000800105c                EXTI1_IRQHandler
                0x000000000800105c                USART2_IRQHandler
                0x000000000800105c                I2C2_ER_IRQHandler
                0x000000000800105c                DMA2_Stream1_IRQHandler
                0x000000000800105c                FLASH_IRQHandler
                0x000000000800105c                DMA2_Stream4_IRQHandler
                0x000000000800105c                USART1_IRQHandler
                0x000000000800105c                SPI3_IRQHandler
                0x000000000800105c                DMA1_Stream4_IRQHandler
                0x000000000800105c                I2C1_ER_IRQHandler
                0x000000000800105c                DMA2_Stream6_IRQHandler
                0x000000000800105c                DMA1_Stream3_IRQHandler
 *fill*         0x000000000800105e        0x2 
 .text.HAL_Init
                0x0000000008001060       0x44 Drivers/STM32F4xx_HAL_Driver/Src/stm32f4xx_hal.o
                0x0000000008001060                HAL_Init
 .text.HAL_InitTick
                0x00000000080010a4       0x60 Drivers/STM32F4xx_HAL_Driver/Src/stm32f4xx_hal.o
                0x00000000080010a4                HAL_InitTick
 .text.HAL_IncTick
                0x0000000008001104       0x28 Drivers/STM32F4xx_HAL_Driver/Src/stm32f4xx_hal.o
                0x0000000008001104                HAL_IncTick
 .text.HAL_GetTick
                0x000000000800112c       0x18 Drivers/STM32F4xx_HAL_Driver/Src/stm32f4xx_hal.o
                0x000000000800112c                HAL_GetTick
 .text.HAL_Delay
                0x0000000008001144       0x44 Drivers/STM32F4xx_HAL_Driver/Src/stm32f4xx_hal.o
                0x0000000008001144                HAL_Delay
 .text.HAL_ADC_Init
                0x0000000008001188       0x86 Drivers/STM32F4xx_HAL_Driver/Src/stm32f4xx_hal_adc.o
                0x0000000008001188                HAL_ADC_Init
 *fill*         0x000000000800120e        0x2 
 .text.HAL_ADC_Start_DMA
                0x0000000008001210      0x1a8 Drivers/STM32F4xx_HAL_Driver/Src/stm32f4xx_hal_adc.o
                0x0000000008001210                HAL_ADC_Start_DMA
 .text.HAL_ADC_ConvHalfCpltCallback
                0x00000000080013b8       0x14 Drivers/STM32F4xx_HAL_Driver/Src/stm32f4xx_hal_adc.o
                0x00000000080013b8                HAL_ADC_ConvHalfCpltCallback
 .text.HAL_ADC_ErrorCallback
                0x00000000080013cc       0x14 Drivers/STM32F4xx_HAL_Driver/Src/stm32f4xx_hal_adc.o
                0x00000000080013cc                HAL_ADC_ErrorCallback
 .text.HAL_ADC_ConfigChannel
                0x00000000080013e0      0x264 Drivers/STM32F4xx_HAL_Driver/Src/stm32f4xx_hal_adc.o
                0x00000000080013e0                HAL_ADC_ConfigChannel
 .text.ADC_Init
                0x0000000008001644      0x1f8 Drivers/STM32F4xx_HAL_Driver/Src/stm32f4xx_hal_adc.o
 .text.ADC_DMAConvCplt
                0x000000000800183c       0xba Drivers/STM32F4xx_HAL_Driver/Src/stm32f4xx_hal_adc.o
 .text.ADC_DMAHalfConvCplt
                0x00000000080018f6       0x1c Drivers/STM32F4xx_HAL_Driver/Src/stm32f4xx_hal_adc.o
 .text.ADC_DMAError
                0x0000000008001912       0x2e Drivers/STM32F4xx_HAL_Driver/Src/stm32f4xx_hal_adc.o
 .text.__NVIC_SetPriorityGrouping
                0x0000000008001940       0x48 Drivers/STM32F4xx_HAL_Driver/Src/stm32f4xx_hal_cortex.o
 .text.__NVIC_GetPriorityGrouping
                0x0000000008001988       0x1c Drivers/STM32F4xx_HAL_Driver/Src/stm32f4xx_hal_cortex.o
 .text.__NVIC_EnableIRQ
                0x00000000080019a4       0x3c Drivers/STM32F4xx_HAL_Driver/Src/stm32f4xx_hal_cortex.o
 .text.__NVIC_SetPriority
                0x00000000080019e0       0x54 Drivers/STM32F4xx_HAL_Driver/Src/stm32f4xx_hal_cortex.o
 .text.NVIC_EncodePriority
                0x0000000008001a34       0x66 Drivers/STM32F4xx_HAL_Driver/Src/stm32f4xx_hal_cortex.o
 *fill*         0x0000000008001a9a        0x2 
 .text.SysTick_Config
                0x0000000008001a9c       0x44 Drivers/STM32F4xx_HAL_Driver/Src/stm32f4xx_hal_cortex.o
 .text.HAL_NVIC_SetPriorityGrouping
                0x0000000008001ae0       0x16 Drivers/STM32F4xx_HAL_Driver/Src/stm32f4xx_hal_cortex.o
                0x0000000008001ae0                HAL_NVIC_SetPriorityGrouping
 .text.HAL_NVIC_SetPriority
                0x0000000008001af6       0x38 Drivers/STM32F4xx_HAL_Driver/Src/stm32f4xx_hal_cortex.o
                0x0000000008001af6                HAL_NVIC_SetPriority
 .text.HAL_NVIC_EnableIRQ
                0x0000000008001b2e       0x1c Drivers/STM32F4xx_HAL_Driver/Src/stm32f4xx_hal_cortex.o
                0x0000000008001b2e                HAL_NVIC_EnableIRQ
 .text.HAL_SYSTICK_Config
                0x0000000008001b4a       0x18 Drivers/STM32F4xx_HAL_Driver/Src/stm32f4xx_hal_cortex.o
                0x0000000008001b4a                HAL_SYSTICK_Config
 *fill*         0x0000000008001b62        0x2 
 .text.HAL_DMA_Init
                0x0000000008001b64      0x15c Drivers/STM32F4xx_HAL_Driver/Src/stm32f4xx_hal_dma.o
                0x0000000008001b64                HAL_DMA_Init
 .text.HAL_DMA_Start_IT
                0x0000000008001cc0       0xb0 Drivers/STM32F4xx_HAL_Driver/Src/stm32f4xx_hal_dma.o
                0x0000000008001cc0                HAL_DMA_Start_IT
 .text.HAL_DMA_IRQHandler
                0x0000000008001d70      0x314 Drivers/STM32F4xx_HAL_Driver/Src/stm32f4xx_hal_dma.o
                0x0000000008001d70                HAL_DMA_IRQHandler
 .text.DMA_SetConfig
                0x0000000008002084       0x5c Drivers/STM32F4xx_HAL_Driver/Src/stm32f4xx_hal_dma.o
 .text.DMA_CalcBaseAndBitshift
                0x00000000080020e0       0x6c Drivers/STM32F4xx_HAL_Driver/Src/stm32f4xx_hal_dma.o
 .text.DMA_CheckFifoParam
                0x000000000800214c       0xf4 Drivers/STM32F4xx_HAL_Driver/Src/stm32f4xx_hal_dma.o
 .text.HAL_GPIO_Init
                0x0000000008002240      0x304 Drivers/STM32F4xx_HAL_Driver/Src/stm32f4xx_hal_gpio.o
                0x0000000008002240                HAL_GPIO_Init
 .text.HAL_GPIO_WritePin
                0x0000000008002544       0x32 Drivers/STM32F4xx_HAL_Driver/Src/stm32f4xx_hal_gpio.o
                0x0000000008002544                HAL_GPIO_WritePin
 *fill*         0x0000000008002576        0x2 
 .text.HAL_GPIO_EXTI_IRQHandler
                0x0000000008002578       0x30 Drivers/STM32F4xx_HAL_Driver/Src/stm32f4xx_hal_gpio.o
                0x0000000008002578                HAL_GPIO_EXTI_IRQHandler
 .text.HAL_GPIO_EXTI_Callback
                0x00000000080025a8       0x16 Drivers/STM32F4xx_HAL_Driver/Src/stm32f4xx_hal_gpio.o
                0x00000000080025a8                HAL_GPIO_EXTI_Callback
 .text.HAL_PCD_Init
                0x00000000080025be      0x23a Drivers/STM32F4xx_HAL_Driver/Src/stm32f4xx_hal_pcd.o
                0x00000000080025be                HAL_PCD_Init
 .text.HAL_PCD_Start
                0x00000000080027f8       0x66 Drivers/STM32F4xx_HAL_Driver/Src/stm32f4xx_hal_pcd.o
                0x00000000080027f8                HAL_PCD_Start
 .text.HAL_PCD_IRQHandler
                0x000000000800285e      0x764 Drivers/STM32F4xx_HAL_Driver/Src/stm32f4xx_hal_pcd.o
                0x000000000800285e                HAL_PCD_IRQHandler
 .text.HAL_PCD_SetAddress
                0x0000000008002fc2       0x4a Drivers/STM32F4xx_HAL_Driver/Src/stm32f4xx_hal_pcd.o
                0x0000000008002fc2                HAL_PCD_SetAddress
 .text.HAL_PCD_EP_Open
                0x000000000800300c       0xd0 Drivers/STM32F4xx_HAL_Driver/Src/stm32f4xx_hal_pcd.o
                0x000000000800300c                HAL_PCD_EP_Open
 .text.HAL_PCD_EP_Close
                0x00000000080030dc       0x94 Drivers/STM32F4xx_HAL_Driver/Src/stm32f4xx_hal_pcd.o
                0x00000000080030dc                HAL_PCD_EP_Close
 .text.HAL_PCD_EP_Receive
                0x0000000008003170       0x96 Drivers/STM32F4xx_HAL_Driver/Src/stm32f4xx_hal_pcd.o
                0x0000000008003170                HAL_PCD_EP_Receive
 .text.HAL_PCD_EP_GetRxCount
                0x0000000008003206       0x30 Drivers/STM32F4xx_HAL_Driver/Src/stm32f4xx_hal_pcd.o
                0x0000000008003206                HAL_PCD_EP_GetRxCount
 .text.HAL_PCD_EP_Transmit
                0x0000000008003236       0x94 Drivers/STM32F4xx_HAL_Driver/Src/stm32f4xx_hal_pcd.o
                0x0000000008003236                HAL_PCD_EP_Transmit
 .text.HAL_PCD_EP_SetStall
                0x00000000080032ca       0xc8 Drivers/STM32F4xx_HAL_Driver/Src/stm32f4xx_hal_pcd.o
                0x00000000080032ca                HAL_PCD_EP_SetStall
 .text.HAL_PCD_EP_ClrStall
                0x0000000008003392       0xac Drivers/STM32F4xx_HAL_Driver/Src/stm32f4xx_hal_pcd.o
                0x0000000008003392                HAL_PCD_EP_ClrStall
 .text.PCD_WriteEmptyTxFifo
                0x000000000800343e      0x11a Drivers/STM32F4xx_HAL_Driver/Src/stm32f4xx_hal_pcd.o
 .text.PCD_EP_OutXfrComplete_int
                0x0000000008003558      0x218 Drivers/STM32F4xx_HAL_Driver/Src/stm32f4xx_hal_pcd.o
 .text.PCD_EP_OutSetupPacket_int
                0x0000000008003770       0x8c Drivers/STM32F4xx_HAL_Driver/Src/stm32f4xx_hal_pcd.o
 .text.HAL_PCDEx_SetTxFiFo
                0x00000000080037fc       0x8e Drivers/STM32F4xx_HAL_Driver/Src/stm32f4xx_hal_pcd_ex.o
                0x00000000080037fc                HAL_PCDEx_SetTxFiFo
 .text.HAL_PCDEx_SetRxFiFo
                0x000000000800388a       0x22 Drivers/STM32F4xx_HAL_Driver/Src/stm32f4xx_hal_pcd_ex.o
                0x000000000800388a                HAL_PCDEx_SetRxFiFo
 .text.HAL_PCDEx_LPM_Callback
                0x00000000080038ac       0x18 Drivers/STM32F4xx_HAL_Driver/Src/stm32f4xx_hal_pcd_ex.o
                0x00000000080038ac                HAL_PCDEx_LPM_Callback
 .text.HAL_RCC_OscConfig
                0x00000000080038c4      0x4e0 Drivers/STM32F4xx_HAL_Driver/Src/stm32f4xx_hal_rcc.o
                0x00000000080038c4                HAL_RCC_OscConfig
 .text.HAL_RCC_ClockConfig
                0x0000000008003da4      0x1cc Drivers/STM32F4xx_HAL_Driver/Src/stm32f4xx_hal_rcc.o
                0x0000000008003da4                HAL_RCC_ClockConfig
 .text.HAL_RCC_GetSysClockFreq
                0x0000000008003f70      0x1ac Drivers/STM32F4xx_HAL_Driver/Src/stm32f4xx_hal_rcc.o
                0x0000000008003f70                HAL_RCC_GetSysClockFreq
 .text.HAL_RCC_GetHCLKFreq
                0x000000000800411c       0x18 Drivers/STM32F4xx_HAL_Driver/Src/stm32f4xx_hal_rcc.o
                0x000000000800411c                HAL_RCC_GetHCLKFreq
 .text.HAL_RCC_GetPCLK1Freq
                0x0000000008004134       0x28 Drivers/STM32F4xx_HAL_Driver/Src/stm32f4xx_hal_rcc.o
                0x0000000008004134                HAL_RCC_GetPCLK1Freq
 .text.HAL_RCC_GetPCLK2Freq
                0x000000000800415c       0x28 Drivers/STM32F4xx_HAL_Driver/Src/stm32f4xx_hal_rcc.o
                0x000000000800415c                HAL_RCC_GetPCLK2Freq
 .text.HAL_SPI_Init
                0x0000000008004184       0xc8 Drivers/STM32F4xx_HAL_Driver/Src/stm32f4xx_hal_spi.o
                0x0000000008004184                HAL_SPI_Init
 .text.HAL_TIM_Base_Init
                0x000000000800424c       0x56 Drivers/STM32F4xx_HAL_Driver/Src/stm32f4xx_hal_tim.o
                0x000000000800424c                HAL_TIM_Base_Init
 .text.HAL_TIM_Base_Start_IT
                0x00000000080042a2       0x48 Drivers/STM32F4xx_HAL_Driver/Src/stm32f4xx_hal_tim.o
                0x00000000080042a2                HAL_TIM_Base_Start_IT
 .text.HAL_TIM_OC_Init
                0x00000000080042ea       0x56 Drivers/STM32F4xx_HAL_Driver/Src/stm32f4xx_hal_tim.o
                0x00000000080042ea                HAL_TIM_OC_Init
 .text.HAL_TIM_PWM_Init
                0x0000000008004340       0x56 Drivers/STM32F4xx_HAL_Driver/Src/stm32f4xx_hal_tim.o
                0x0000000008004340                HAL_TIM_PWM_Init
 .text.HAL_TIM_PWM_MspInit
                0x0000000008004396       0x14 Drivers/STM32F4xx_HAL_Driver/Src/stm32f4xx_hal_tim.o
                0x0000000008004396                HAL_TIM_PWM_MspInit
 *fill*         0x00000000080043aa        0x2 
 .text.HAL_TIM_PWM_Start
                0x00000000080043ac       0x64 Drivers/STM32F4xx_HAL_Driver/Src/stm32f4xx_hal_tim.o
                0x00000000080043ac                HAL_TIM_PWM_Start
 .text.HAL_TIM_OC_ConfigChannel
                0x0000000008004410       0xc0 Drivers/STM32F4xx_HAL_Driver/Src/stm32f4xx_hal_tim.o
                0x0000000008004410                HAL_TIM_OC_ConfigChannel
 .text.HAL_TIM_PWM_ConfigChannel
                0x00000000080044d0      0x18c Drivers/STM32F4xx_HAL_Driver/Src/stm32f4xx_hal_tim.o
                0x00000000080044d0                HAL_TIM_PWM_ConfigChannel
 .text.HAL_TIM_ConfigClockSource
                0x000000000800465c      0x16e Drivers/STM32F4xx_HAL_Driver/Src/stm32f4xx_hal_tim.o
                0x000000000800465c                HAL_TIM_ConfigClockSource
 *fill*         0x00000000080047ca        0x2 
 .text.TIM_Base_SetConfig
                0x00000000080047cc      0x100 Drivers/STM32F4xx_HAL_Driver/Src/stm32f4xx_hal_tim.o
                0x00000000080047cc                TIM_Base_SetConfig
 .text.TIM_OC1_SetConfig
                0x00000000080048cc       0xcc Drivers/STM32F4xx_HAL_Driver/Src/stm32f4xx_hal_tim.o
 .text.TIM_OC2_SetConfig
                0x0000000008004998       0xd8 Drivers/STM32F4xx_HAL_Driver/Src/stm32f4xx_hal_tim.o
                0x0000000008004998                TIM_OC2_SetConfig
 .text.TIM_OC3_SetConfig
                0x0000000008004a70       0xd4 Drivers/STM32F4xx_HAL_Driver/Src/stm32f4xx_hal_tim.o
 .text.TIM_OC4_SetConfig
                0x0000000008004b44       0xa0 Drivers/STM32F4xx_HAL_Driver/Src/stm32f4xx_hal_tim.o
 .text.TIM_TI1_ConfigInputStage
                0x0000000008004be4       0x5e Drivers/STM32F4xx_HAL_Driver/Src/stm32f4xx_hal_tim.o
 .text.TIM_TI2_ConfigInputStage
                0x0000000008004c42       0x60 Drivers/STM32F4xx_HAL_Driver/Src/stm32f4xx_hal_tim.o
 .text.TIM_ITRx_SetConfig
                0x0000000008004ca2       0x36 Drivers/STM32F4xx_HAL_Driver/Src/stm32f4xx_hal_tim.o
 .text.TIM_ETR_SetConfig
                0x0000000008004cd8       0x40 Drivers/STM32F4xx_HAL_Driver/Src/stm32f4xx_hal_tim.o
                0x0000000008004cd8                TIM_ETR_SetConfig
 .text.TIM_CCxChannelCmd
                0x0000000008004d18       0x4a Drivers/STM32F4xx_HAL_Driver/Src/stm32f4xx_hal_tim.o
                0x0000000008004d18                TIM_CCxChannelCmd
 *fill*         0x0000000008004d62        0x2 
 .text.HAL_TIMEx_MasterConfigSynchronization
                0x0000000008004d64       0xdc Drivers/STM32F4xx_HAL_Driver/Src/stm32f4xx_hal_tim_ex.o
                0x0000000008004d64                HAL_TIMEx_MasterConfigSynchronization
 .text.HAL_UART_Init
                0x0000000008004e40       0x9a Drivers/STM32F4xx_HAL_Driver/Src/stm32f4xx_hal_uart.o
                0x0000000008004e40                HAL_UART_Init
 *fill*         0x0000000008004eda        0x2 
 .text.UART_SetConfig
                0x0000000008004edc      0x6f8 Drivers/STM32F4xx_HAL_Driver/Src/stm32f4xx_hal_uart.o
 .text.USB_CoreInit
                0x00000000080055d4       0xc2 Drivers/STM32F4xx_HAL_Driver/Src/stm32f4xx_ll_usb.o
                0x00000000080055d4                USB_CoreInit
 *fill*         0x0000000008005696        0x2 
 .text.USB_SetTurnaroundTime
                0x0000000008005698      0x144 Drivers/STM32F4xx_HAL_Driver/Src/stm32f4xx_ll_usb.o
                0x0000000008005698                USB_SetTurnaroundTime
 .text.USB_EnableGlobalInt
                0x00000000080057dc       0x22 Drivers/STM32F4xx_HAL_Driver/Src/stm32f4xx_ll_usb.o
                0x00000000080057dc                USB_EnableGlobalInt
 .text.USB_DisableGlobalInt
                0x00000000080057fe       0x22 Drivers/STM32F4xx_HAL_Driver/Src/stm32f4xx_ll_usb.o
                0x00000000080057fe                USB_DisableGlobalInt
 .text.USB_SetCurrentMode
                0x0000000008005820       0x54 Drivers/STM32F4xx_HAL_Driver/Src/stm32f4xx_ll_usb.o
                0x0000000008005820                USB_SetCurrentMode
 .text.USB_DevInit
                0x0000000008005874      0x2c8 Drivers/STM32F4xx_HAL_Driver/Src/stm32f4xx_ll_usb.o
                0x0000000008005874                USB_DevInit
 .text.USB_FlushTxFifo
                0x0000000008005b3c       0x4c Drivers/STM32F4xx_HAL_Driver/Src/stm32f4xx_ll_usb.o
                0x0000000008005b3c                USB_FlushTxFifo
 .text.USB_FlushRxFifo
                0x0000000008005b88       0x44 Drivers/STM32F4xx_HAL_Driver/Src/stm32f4xx_ll_usb.o
                0x0000000008005b88                USB_FlushRxFifo
 .text.USB_SetDevSpeed
                0x0000000008005bcc       0x32 Drivers/STM32F4xx_HAL_Driver/Src/stm32f4xx_ll_usb.o
                0x0000000008005bcc                USB_SetDevSpeed
 .text.USB_GetDevSpeed
                0x0000000008005bfe       0x4a Drivers/STM32F4xx_HAL_Driver/Src/stm32f4xx_ll_usb.o
                0x0000000008005bfe                USB_GetDevSpeed
 .text.USB_ActivateEndpoint
                0x0000000008005c48      0x10e Drivers/STM32F4xx_HAL_Driver/Src/stm32f4xx_ll_usb.o
                0x0000000008005c48                USB_ActivateEndpoint
 *fill*         0x0000000008005d56        0x2 
 .text.USB_DeactivateEndpoint
                0x0000000008005d58      0x1b8 Drivers/STM32F4xx_HAL_Driver/Src/stm32f4xx_ll_usb.o
                0x0000000008005d58                USB_DeactivateEndpoint
 .text.USB_EPStartXfer
                0x0000000008005f10      0x488 Drivers/STM32F4xx_HAL_Driver/Src/stm32f4xx_ll_usb.o
                0x0000000008005f10                USB_EPStartXfer
 .text.USB_EP0StartXfer
                0x0000000008006398      0x2a6 Drivers/STM32F4xx_HAL_Driver/Src/stm32f4xx_ll_usb.o
                0x0000000008006398                USB_EP0StartXfer
 .text.USB_WritePacket
                0x000000000800663e       0x6a Drivers/STM32F4xx_HAL_Driver/Src/stm32f4xx_ll_usb.o
                0x000000000800663e                USB_WritePacket
 .text.USB_ReadPacket
                0x00000000080066a8       0x52 Drivers/STM32F4xx_HAL_Driver/Src/stm32f4xx_ll_usb.o
                0x00000000080066a8                USB_ReadPacket
 .text.USB_EPSetStall
                0x00000000080066fa       0xdc Drivers/STM32F4xx_HAL_Driver/Src/stm32f4xx_ll_usb.o
                0x00000000080066fa                USB_EPSetStall
 .text.USB_EPClearStall
                0x00000000080067d6       0xcc Drivers/STM32F4xx_HAL_Driver/Src/stm32f4xx_ll_usb.o
                0x00000000080067d6                USB_EPClearStall
 .text.USB_SetDevAddress
                0x00000000080068a2       0x4c Drivers/STM32F4xx_HAL_Driver/Src/stm32f4xx_ll_usb.o
                0x00000000080068a2                USB_SetDevAddress
 .text.USB_DevConnect
                0x00000000080068ee       0x42 Drivers/STM32F4xx_HAL_Driver/Src/stm32f4xx_ll_usb.o
                0x00000000080068ee                USB_DevConnect
 .text.USB_DevDisconnect
                0x0000000008006930       0x42 Drivers/STM32F4xx_HAL_Driver/Src/stm32f4xx_ll_usb.o
                0x0000000008006930                USB_DevDisconnect
 .text.USB_ReadInterrupts
                0x0000000008006972       0x26 Drivers/STM32F4xx_HAL_Driver/Src/stm32f4xx_ll_usb.o
                0x0000000008006972                USB_ReadInterrupts
 .text.USB_ReadDevAllOutEpInterrupt
                0x0000000008006998       0x34 Drivers/STM32F4xx_HAL_Driver/Src/stm32f4xx_ll_usb.o
                0x0000000008006998                USB_ReadDevAllOutEpInterrupt
 .text.USB_ReadDevAllInEpInterrupt
                0x00000000080069cc       0x34 Drivers/STM32F4xx_HAL_Driver/Src/stm32f4xx_ll_usb.o
                0x00000000080069cc                USB_ReadDevAllInEpInterrupt
 .text.USB_ReadDevOutEPInterrupt
                0x0000000008006a00       0x3c Drivers/STM32F4xx_HAL_Driver/Src/stm32f4xx_ll_usb.o
                0x0000000008006a00                USB_ReadDevOutEPInterrupt
 .text.USB_ReadDevInEPInterrupt
                0x0000000008006a3c       0x5c Drivers/STM32F4xx_HAL_Driver/Src/stm32f4xx_ll_usb.o
                0x0000000008006a3c                USB_ReadDevInEPInterrupt
 .text.USB_GetMode
                0x0000000008006a98       0x1c Drivers/STM32F4xx_HAL_Driver/Src/stm32f4xx_ll_usb.o
                0x0000000008006a98                USB_GetMode
 .text.USB_ActivateSetup
                0x0000000008006ab4       0x46 Drivers/STM32F4xx_HAL_Driver/Src/stm32f4xx_ll_usb.o
                0x0000000008006ab4                USB_ActivateSetup
 *fill*         0x0000000008006afa        0x2 
 .text.USB_EP0_OutStart
                0x0000000008006afc       0xbc Drivers/STM32F4xx_HAL_Driver/Src/stm32f4xx_ll_usb.o
                0x0000000008006afc                USB_EP0_OutStart
 .text.USB_CoreReset
                0x0000000008006bb8       0x68 Drivers/STM32F4xx_HAL_Driver/Src/stm32f4xx_ll_usb.o
 .text.USBD_CDC_Init
                0x0000000008006c20      0x100 Middlewares/ST/STM32_USB_Device_Library/Class/CDC/Src/usbd_cdc.o
 .text.USBD_CDC_DeInit
                0x0000000008006d20       0x78 Middlewares/ST/STM32_USB_Device_Library/Class/CDC/Src/usbd_cdc.o
 .text.USBD_CDC_Setup
                0x0000000008006d98      0x178 Middlewares/ST/STM32_USB_Device_Library/Class/CDC/Src/usbd_cdc.o
 .text.USBD_CDC_DataIn
                0x0000000008006f10       0xbe Middlewares/ST/STM32_USB_Device_Library/Class/CDC/Src/usbd_cdc.o
 .text.USBD_CDC_DataOut
                0x0000000008006fce       0x56 Middlewares/ST/STM32_USB_Device_Library/Class/CDC/Src/usbd_cdc.o
 .text.USBD_CDC_EP0_RxReady
                0x0000000008007024       0x50 Middlewares/ST/STM32_USB_Device_Library/Class/CDC/Src/usbd_cdc.o
 .text.USBD_CDC_GetFSCfgDesc
                0x0000000008007074       0x20 Middlewares/ST/STM32_USB_Device_Library/Class/CDC/Src/usbd_cdc.o
 .text.USBD_CDC_GetHSCfgDesc
                0x0000000008007094       0x20 Middlewares/ST/STM32_USB_Device_Library/Class/CDC/Src/usbd_cdc.o
 .text.USBD_CDC_GetOtherSpeedCfgDesc
                0x00000000080070b4       0x20 Middlewares/ST/STM32_USB_Device_Library/Class/CDC/Src/usbd_cdc.o
 .text.USBD_CDC_GetDeviceQualifierDescriptor
                0x00000000080070d4       0x20 Middlewares/ST/STM32_USB_Device_Library/Class/CDC/Src/usbd_cdc.o
                0x00000000080070d4                USBD_CDC_GetDeviceQualifierDescriptor
 .text.USBD_CDC_RegisterInterface
                0x00000000080070f4       0x2a Middlewares/ST/STM32_USB_Device_Library/Class/CDC/Src/usbd_cdc.o
                0x00000000080070f4                USBD_CDC_RegisterInterface
 .text.USBD_CDC_SetTxBuffer
                0x000000000800711e       0x32 Middlewares/ST/STM32_USB_Device_Library/Class/CDC/Src/usbd_cdc.o
                0x000000000800711e                USBD_CDC_SetTxBuffer
 .text.USBD_CDC_SetRxBuffer
                0x0000000008007150       0x28 Middlewares/ST/STM32_USB_Device_Library/Class/CDC/Src/usbd_cdc.o
                0x0000000008007150                USBD_CDC_SetRxBuffer
 .text.USBD_CDC_TransmitPacket
                0x0000000008007178       0x60 Middlewares/ST/STM32_USB_Device_Library/Class/CDC/Src/usbd_cdc.o
                0x0000000008007178                USBD_CDC_TransmitPacket
 .text.USBD_CDC_ReceivePacket
                0x00000000080071d8       0x54 Middlewares/ST/STM32_USB_Device_Library/Class/CDC/Src/usbd_cdc.o
                0x00000000080071d8                USBD_CDC_ReceivePacket
 .text.USBD_Init
                0x000000000800722c       0x6c Middlewares/ST/STM32_USB_Device_Library/Core/Src/usbd_core.o
                0x000000000800722c                USBD_Init
 .text.USBD_RegisterClass
                0x0000000008007298       0x42 Middlewares/ST/STM32_USB_Device_Library/Core/Src/usbd_core.o
                0x0000000008007298                USBD_RegisterClass
 .text.USBD_Start
                0x00000000080072da       0x18 Middlewares/ST/STM32_USB_Device_Library/Core/Src/usbd_core.o
                0x00000000080072da                USBD_Start
 .text.USBD_RunTestMode
                0x00000000080072f2       0x16 Middlewares/ST/STM32_USB_Device_Library/Core/Src/usbd_core.o
                0x00000000080072f2                USBD_RunTestMode
 .text.USBD_SetClassConfig
                0x0000000008007308       0x38 Middlewares/ST/STM32_USB_Device_Library/Core/Src/usbd_core.o
                0x0000000008007308                USBD_SetClassConfig
 .text.USBD_ClrClassConfig
                0x0000000008007340       0x30 Middlewares/ST/STM32_USB_Device_Library/Core/Src/usbd_core.o
                0x0000000008007340                USBD_ClrClassConfig
 .text.USBD_LL_SetupStage
                0x0000000008007370       0xa6 Middlewares/ST/STM32_USB_Device_Library/Core/Src/usbd_core.o
                0x0000000008007370                USBD_LL_SetupStage
 .text.USBD_LL_DataOutStage
                0x0000000008007416       0xc6 Middlewares/ST/STM32_USB_Device_Library/Core/Src/usbd_core.o
                0x0000000008007416                USBD_LL_DataOutStage
 .text.USBD_LL_DataInStage
                0x00000000080074dc      0x12c Middlewares/ST/STM32_USB_Device_Library/Core/Src/usbd_core.o
                0x00000000080074dc                USBD_LL_DataInStage
 .text.USBD_LL_Reset
                0x0000000008007608       0x82 Middlewares/ST/STM32_USB_Device_Library/Core/Src/usbd_core.o
                0x0000000008007608                USBD_LL_Reset
 .text.USBD_LL_SetSpeed
                0x000000000800768a       0x20 Middlewares/ST/STM32_USB_Device_Library/Core/Src/usbd_core.o
                0x000000000800768a                USBD_LL_SetSpeed
 .text.USBD_LL_Suspend
                0x00000000080076aa       0x2a Middlewares/ST/STM32_USB_Device_Library/Core/Src/usbd_core.o
                0x00000000080076aa                USBD_LL_Suspend
 .text.USBD_LL_Resume
                0x00000000080076d4       0x2c Middlewares/ST/STM32_USB_Device_Library/Core/Src/usbd_core.o
                0x00000000080076d4                USBD_LL_Resume
 .text.USBD_LL_SOF
                0x0000000008007700       0x34 Middlewares/ST/STM32_USB_Device_Library/Core/Src/usbd_core.o
                0x0000000008007700                USBD_LL_SOF
 .text.USBD_LL_IsoINIncomplete
                0x0000000008007734       0x1a Middlewares/ST/STM32_USB_Device_Library/Core/Src/usbd_core.o
                0x0000000008007734                USBD_LL_IsoINIncomplete
 .text.USBD_LL_IsoOUTIncomplete
                0x000000000800774e       0x1a Middlewares/ST/STM32_USB_Device_Library/Core/Src/usbd_core.o
                0x000000000800774e                USBD_LL_IsoOUTIncomplete
 .text.USBD_LL_DevConnected
                0x0000000008007768       0x16 Middlewares/ST/STM32_USB_Device_Library/Core/Src/usbd_core.o
                0x0000000008007768                USBD_LL_DevConnected
 .text.USBD_LL_DevDisconnected
                0x000000000800777e       0x38 Middlewares/ST/STM32_USB_Device_Library/Core/Src/usbd_core.o
                0x000000000800777e                USBD_LL_DevDisconnected
 .text.SWAPBYTE
                0x00000000080077b6       0x3c Middlewares/ST/STM32_USB_Device_Library/Core/Src/usbd_ctlreq.o
 *fill*         0x00000000080077f2        0x2 
 .text.USBD_StdDevReq
                0x00000000080077f4       0xdc Middlewares/ST/STM32_USB_Device_Library/Core/Src/usbd_ctlreq.o
                0x00000000080077f4                USBD_StdDevReq
 .text.USBD_StdItfReq
                0x00000000080078d0       0x8c Middlewares/ST/STM32_USB_Device_Library/Core/Src/usbd_ctlreq.o
                0x00000000080078d0                USBD_StdItfReq
 .text.USBD_StdEPReq
                0x000000000800795c      0x2aa Middlewares/ST/STM32_USB_Device_Library/Core/Src/usbd_ctlreq.o
                0x000000000800795c                USBD_StdEPReq
 *fill*         0x0000000008007c06        0x2 
 .text.USBD_GetDescriptor
                0x0000000008007c08      0x2d4 Middlewares/ST/STM32_USB_Device_Library/Core/Src/usbd_ctlreq.o
 .text.USBD_SetAddress
                0x0000000008007edc       0x84 Middlewares/ST/STM32_USB_Device_Library/Core/Src/usbd_ctlreq.o
 .text.USBD_SetConfig
                0x0000000008007f60      0x148 Middlewares/ST/STM32_USB_Device_Library/Core/Src/usbd_ctlreq.o
 .text.USBD_GetConfig
                0x00000000080080a8       0x68 Middlewares/ST/STM32_USB_Device_Library/Core/Src/usbd_ctlreq.o
 .text.USBD_GetStatus
                0x0000000008008110       0x66 Middlewares/ST/STM32_USB_Device_Library/Core/Src/usbd_ctlreq.o
 .text.USBD_SetFeature
                0x0000000008008176       0x28 Middlewares/ST/STM32_USB_Device_Library/Core/Src/usbd_ctlreq.o
 .text.USBD_ClrFeature
                0x000000000800819e       0x42 Middlewares/ST/STM32_USB_Device_Library/Core/Src/usbd_ctlreq.o
 .text.USBD_ParseSetupRequest
                0x00000000080081e0       0x74 Middlewares/ST/STM32_USB_Device_Library/Core/Src/usbd_ctlreq.o
                0x00000000080081e0                USBD_ParseSetupRequest
 .text.USBD_CtlError
                0x0000000008008254       0x22 Middlewares/ST/STM32_USB_Device_Library/Core/Src/usbd_ctlreq.o
                0x0000000008008254                USBD_CtlError
 .text.USBD_GetString
                0x0000000008008276       0x8c Middlewares/ST/STM32_USB_Device_Library/Core/Src/usbd_ctlreq.o
                0x0000000008008276                USBD_GetString
 .text.USBD_GetLen
                0x0000000008008302       0x34 Middlewares/ST/STM32_USB_Device_Library/Core/Src/usbd_ctlreq.o
 .text.USBD_CtlSendData
                0x0000000008008336       0x36 Middlewares/ST/STM32_USB_Device_Library/Core/Src/usbd_ioreq.o
                0x0000000008008336                USBD_CtlSendData
 .text.USBD_CtlContinueSendData
                0x000000000800836c       0x22 Middlewares/ST/STM32_USB_Device_Library/Core/Src/usbd_ioreq.o
                0x000000000800836c                USBD_CtlContinueSendData
 .text.USBD_CtlPrepareRx
                0x000000000800838e       0x3a Middlewares/ST/STM32_USB_Device_Library/Core/Src/usbd_ioreq.o
                0x000000000800838e                USBD_CtlPrepareRx
 .text.USBD_CtlContinueRx
                0x00000000080083c8       0x22 Middlewares/ST/STM32_USB_Device_Library/Core/Src/usbd_ioreq.o
                0x00000000080083c8                USBD_CtlContinueRx
 .text.USBD_CtlSendStatus
                0x00000000080083ea       0x26 Middlewares/ST/STM32_USB_Device_Library/Core/Src/usbd_ioreq.o
                0x00000000080083ea                USBD_CtlSendStatus
 .text.USBD_CtlReceiveStatus
                0x0000000008008410       0x26 Middlewares/ST/STM32_USB_Device_Library/Core/Src/usbd_ioreq.o
                0x0000000008008410                USBD_CtlReceiveStatus
 *fill*         0x0000000008008436        0x2 
 .text.MX_USB_DEVICE_Init
                0x0000000008008438       0x60 USB_DEVICE/App/usb_device.o
                0x0000000008008438                MX_USB_DEVICE_Init
 .text.CDC_Init_FS
                0x0000000008008498       0x28 USB_DEVICE/App/usbd_cdc_if.o
 .text.CDC_DeInit_FS
                0x00000000080084c0       0x10 USB_DEVICE/App/usbd_cdc_if.o
 .text.CDC_Control_FS
                0x00000000080084d0       0xbc USB_DEVICE/App/usbd_cdc_if.o
 .text.CDC_Receive_FS
                0x000000000800858c       0x34 USB_DEVICE/App/usbd_cdc_if.o
 .text.CDC_Transmit_FS
                0x00000000080085c0       0x4c USB_DEVICE/App/usbd_cdc_if.o
                0x00000000080085c0                CDC_Transmit_FS
 .text.CDC_TransmitCplt_FS
                0x000000000800860c       0x22 USB_DEVICE/App/usbd_cdc_if.o
 *fill*         0x000000000800862e        0x2 
 .text.USBD_FS_DeviceDescriptor
                0x0000000008008630       0x24 USB_DEVICE/App/usbd_desc.o
                0x0000000008008630                USBD_FS_DeviceDescriptor
 .text.USBD_FS_LangIDStrDescriptor
                0x0000000008008654       0x24 USB_DEVICE/App/usbd_desc.o
                0x0000000008008654                USBD_FS_LangIDStrDescriptor
 .text.USBD_FS_ProductStrDescriptor
                0x0000000008008678       0x3c USB_DEVICE/App/usbd_desc.o
                0x0000000008008678                USBD_FS_ProductStrDescriptor
 .text.USBD_FS_ManufacturerStrDescriptor
                0x00000000080086b4       0x28 USB_DEVICE/App/usbd_desc.o
                0x00000000080086b4                USBD_FS_ManufacturerStrDescriptor
 .text.USBD_FS_SerialStrDescriptor
                0x00000000080086dc       0x24 USB_DEVICE/App/usbd_desc.o
                0x00000000080086dc                USBD_FS_SerialStrDescriptor
 .text.USBD_FS_ConfigStrDescriptor
                0x0000000008008700       0x3c USB_DEVICE/App/usbd_desc.o
                0x0000000008008700                USBD_FS_ConfigStrDescriptor
 .text.USBD_FS_InterfaceStrDescriptor
                0x000000000800873c       0x3c USB_DEVICE/App/usbd_desc.o
                0x000000000800873c                USBD_FS_InterfaceStrDescriptor
 .text.Get_SerialNum
                0x0000000008008778       0x58 USB_DEVICE/App/usbd_desc.o
 .text.IntToUnicode
                0x00000000080087d0       0x7c USB_DEVICE/App/usbd_desc.o
 .text.HAL_PCD_MspInit
                0x000000000800884c       0xa8 USB_DEVICE/Target/usbd_conf.o
                0x000000000800884c                HAL_PCD_MspInit
 .text.HAL_PCD_SetupStageCallback
                0x00000000080088f4       0x24 USB_DEVICE/Target/usbd_conf.o
                0x00000000080088f4                HAL_PCD_SetupStageCallback
 .text.HAL_PCD_DataOutStageCallback
                0x0000000008008918       0x36 USB_DEVICE/Target/usbd_conf.o
                0x0000000008008918                HAL_PCD_DataOutStageCallback
 .text.HAL_PCD_DataInStageCallback
                0x000000000800894e       0x34 USB_DEVICE/Target/usbd_conf.o
                0x000000000800894e                HAL_PCD_DataInStageCallback
 .text.HAL_PCD_SOFCallback
                0x0000000008008982       0x1c USB_DEVICE/Target/usbd_conf.o
                0x0000000008008982                HAL_PCD_SOFCallback
 .text.HAL_PCD_ResetCallback
                0x000000000800899e       0x3c USB_DEVICE/Target/usbd_conf.o
                0x000000000800899e                HAL_PCD_ResetCallback
 *fill*         0x00000000080089da        0x2 
 .text.HAL_PCD_SuspendCallback
                0x00000000080089dc       0x4c USB_DEVICE/Target/usbd_conf.o
                0x00000000080089dc                HAL_PCD_SuspendCallback
 .text.HAL_PCD_ResumeCallback
                0x0000000008008a28       0x1c USB_DEVICE/Target/usbd_conf.o
                0x0000000008008a28                HAL_PCD_ResumeCallback
 .text.HAL_PCD_ISOOUTIncompleteCallback
                0x0000000008008a44       0x24 USB_DEVICE/Target/usbd_conf.o
                0x0000000008008a44                HAL_PCD_ISOOUTIncompleteCallback
 .text.HAL_PCD_ISOINIncompleteCallback
                0x0000000008008a68       0x24 USB_DEVICE/Target/usbd_conf.o
                0x0000000008008a68                HAL_PCD_ISOINIncompleteCallback
 .text.HAL_PCD_ConnectCallback
                0x0000000008008a8c       0x1c USB_DEVICE/Target/usbd_conf.o
                0x0000000008008a8c                HAL_PCD_ConnectCallback
 .text.HAL_PCD_DisconnectCallback
                0x0000000008008aa8       0x1c USB_DEVICE/Target/usbd_conf.o
                0x0000000008008aa8                HAL_PCD_DisconnectCallback
 .text.USBD_LL_Init
                0x0000000008008ac4       0x98 USB_DEVICE/Target/usbd_conf.o
                0x0000000008008ac4                USBD_LL_Init
 .text.USBD_LL_Start
                0x0000000008008b5c       0x36 USB_DEVICE/Target/usbd_conf.o
                0x0000000008008b5c                USBD_LL_Start
 .text.USBD_LL_OpenEP
                0x0000000008008b92       0x4c USB_DEVICE/Target/usbd_conf.o
                0x0000000008008b92                USBD_LL_OpenEP
 .text.USBD_LL_CloseEP
                0x0000000008008bde       0x3e USB_DEVICE/Target/usbd_conf.o
                0x0000000008008bde                USBD_LL_CloseEP
 .text.USBD_LL_StallEP
                0x0000000008008c1c       0x3e USB_DEVICE/Target/usbd_conf.o
                0x0000000008008c1c                USBD_LL_StallEP
 .text.USBD_LL_ClearStallEP
                0x0000000008008c5a       0x3e USB_DEVICE/Target/usbd_conf.o
                0x0000000008008c5a                USBD_LL_ClearStallEP
 .text.USBD_LL_IsStallEP
                0x0000000008008c98       0x58 USB_DEVICE/Target/usbd_conf.o
                0x0000000008008c98                USBD_LL_IsStallEP
 .text.USBD_LL_SetUSBAddress
                0x0000000008008cf0       0x3e USB_DEVICE/Target/usbd_conf.o
                0x0000000008008cf0                USBD_LL_SetUSBAddress
 .text.USBD_LL_Transmit
                0x0000000008008d2e       0x42 USB_DEVICE/Target/usbd_conf.o
                0x0000000008008d2e                USBD_LL_Transmit
 .text.USBD_LL_PrepareReceive
                0x0000000008008d70       0x42 USB_DEVICE/Target/usbd_conf.o
                0x0000000008008d70                USBD_LL_PrepareReceive
 .text.USBD_LL_GetRxDataSize
                0x0000000008008db2       0x26 USB_DEVICE/Target/usbd_conf.o
                0x0000000008008db2                USBD_LL_GetRxDataSize
 .text.USBD_Get_USB_Status
                0x0000000008008dd8       0x58 USB_DEVICE/Target/usbd_conf.o
                0x0000000008008dd8                USBD_Get_USB_Status
 .text.__errno  0x0000000008008e30        0xc c:/st/stm32cubeide_1.3.0/stm32cubeide/plugins/com.st.stm32cube.ide.mcu.externaltools.gnu-tools-for-stm32.7-2018-q2-update.win32_1.4.0.202007081208/tools/bin/../lib/gcc/arm-none-eabi/7.3.1/../../../../arm-none-eabi/lib/thumb/v7e-m/fpv4-sp/hard\libc_nano.a(lib_a-errno.o)
                0x0000000008008e30                __errno
 .text.__libc_init_array
                0x0000000008008e3c       0x48 c:/st/stm32cubeide_1.3.0/stm32cubeide/plugins/com.st.stm32cube.ide.mcu.externaltools.gnu-tools-for-stm32.7-2018-q2-update.win32_1.4.0.202007081208/tools/bin/../lib/gcc/arm-none-eabi/7.3.1/../../../../arm-none-eabi/lib/thumb/v7e-m/fpv4-sp/hard\libc_nano.a(lib_a-init.o)
                0x0000000008008e3c                __libc_init_array
 .text.malloc   0x0000000008008e84       0x10 c:/st/stm32cubeide_1.3.0/stm32cubeide/plugins/com.st.stm32cube.ide.mcu.externaltools.gnu-tools-for-stm32.7-2018-q2-update.win32_1.4.0.202007081208/tools/bin/../lib/gcc/arm-none-eabi/7.3.1/../../../../arm-none-eabi/lib/thumb/v7e-m/fpv4-sp/hard\libc_nano.a(lib_a-malloc.o)
                0x0000000008008e84                malloc
 .text.free     0x0000000008008e94       0x10 c:/st/stm32cubeide_1.3.0/stm32cubeide/plugins/com.st.stm32cube.ide.mcu.externaltools.gnu-tools-for-stm32.7-2018-q2-update.win32_1.4.0.202007081208/tools/bin/../lib/gcc/arm-none-eabi/7.3.1/../../../../arm-none-eabi/lib/thumb/v7e-m/fpv4-sp/hard\libc_nano.a(lib_a-malloc.o)
                0x0000000008008e94                free
 .text.memset   0x0000000008008ea4       0x10 c:/st/stm32cubeide_1.3.0/stm32cubeide/plugins/com.st.stm32cube.ide.mcu.externaltools.gnu-tools-for-stm32.7-2018-q2-update.win32_1.4.0.202007081208/tools/bin/../lib/gcc/arm-none-eabi/7.3.1/../../../../arm-none-eabi/lib/thumb/v7e-m/fpv4-sp/hard\libc_nano.a(lib_a-memset.o)
                0x0000000008008ea4                memset
 .text._free_r  0x0000000008008eb4       0x9c c:/st/stm32cubeide_1.3.0/stm32cubeide/plugins/com.st.stm32cube.ide.mcu.externaltools.gnu-tools-for-stm32.7-2018-q2-update.win32_1.4.0.202007081208/tools/bin/../lib/gcc/arm-none-eabi/7.3.1/../../../../arm-none-eabi/lib/thumb/v7e-m/fpv4-sp/hard\libc_nano.a(lib_a-nano-freer.o)
                0x0000000008008eb4                _free_r
 .text._malloc_r
                0x0000000008008f50       0xb4 c:/st/stm32cubeide_1.3.0/stm32cubeide/plugins/com.st.stm32cube.ide.mcu.externaltools.gnu-tools-for-stm32.7-2018-q2-update.win32_1.4.0.202007081208/tools/bin/../lib/gcc/arm-none-eabi/7.3.1/../../../../arm-none-eabi/lib/thumb/v7e-m/fpv4-sp/hard\libc_nano.a(lib_a-nano-mallocr.o)
                0x0000000008008f50                _malloc_r
 .text._sbrk_r  0x0000000008009004       0x20 c:/st/stm32cubeide_1.3.0/stm32cubeide/plugins/com.st.stm32cube.ide.mcu.externaltools.gnu-tools-for-stm32.7-2018-q2-update.win32_1.4.0.202007081208/tools/bin/../lib/gcc/arm-none-eabi/7.3.1/../../../../arm-none-eabi/lib/thumb/v7e-m/fpv4-sp/hard\libc_nano.a(lib_a-sbrkr.o)
                0x0000000008009004                _sbrk_r
 .text.__malloc_lock
                0x0000000008009024        0x2 c:/st/stm32cubeide_1.3.0/stm32cubeide/plugins/com.st.stm32cube.ide.mcu.externaltools.gnu-tools-for-stm32.7-2018-q2-update.win32_1.4.0.202007081208/tools/bin/../lib/gcc/arm-none-eabi/7.3.1/../../../../arm-none-eabi/lib/thumb/v7e-m/fpv4-sp/hard\libc_nano.a(lib_a-mlock.o)
                0x0000000008009024                __malloc_lock
 .text.__malloc_unlock
                0x0000000008009026        0x2 c:/st/stm32cubeide_1.3.0/stm32cubeide/plugins/com.st.stm32cube.ide.mcu.externaltools.gnu-tools-for-stm32.7-2018-q2-update.win32_1.4.0.202007081208/tools/bin/../lib/gcc/arm-none-eabi/7.3.1/../../../../arm-none-eabi/lib/thumb/v7e-m/fpv4-sp/hard\libc_nano.a(lib_a-mlock.o)
                0x0000000008009026                __malloc_unlock
 *(.glue_7)
 .glue_7        0x0000000008009028        0x0 linker stubs
 *(.glue_7t)
 .glue_7t       0x0000000008009028        0x0 linker stubs
 *(.eh_frame)
 .eh_frame      0x0000000008009028        0x0 c:/st/stm32cubeide_1.3.0/stm32cubeide/plugins/com.st.stm32cube.ide.mcu.externaltools.gnu-tools-for-stm32.7-2018-q2-update.win32_1.4.0.202007081208/tools/bin/../lib/gcc/arm-none-eabi/7.3.1/thumb/v7e-m/fpv4-sp/hard/crtbegin.o
 *(.init)
 .init          0x0000000008009028        0x4 c:/st/stm32cubeide_1.3.0/stm32cubeide/plugins/com.st.stm32cube.ide.mcu.externaltools.gnu-tools-for-stm32.7-2018-q2-update.win32_1.4.0.202007081208/tools/bin/../lib/gcc/arm-none-eabi/7.3.1/thumb/v7e-m/fpv4-sp/hard/crti.o
                0x0000000008009028                _init
 .init          0x000000000800902c        0x8 c:/st/stm32cubeide_1.3.0/stm32cubeide/plugins/com.st.stm32cube.ide.mcu.externaltools.gnu-tools-for-stm32.7-2018-q2-update.win32_1.4.0.202007081208/tools/bin/../lib/gcc/arm-none-eabi/7.3.1/thumb/v7e-m/fpv4-sp/hard/crtn.o
 *(.fini)
 .fini          0x0000000008009034        0x4 c:/st/stm32cubeide_1.3.0/stm32cubeide/plugins/com.st.stm32cube.ide.mcu.externaltools.gnu-tools-for-stm32.7-2018-q2-update.win32_1.4.0.202007081208/tools/bin/../lib/gcc/arm-none-eabi/7.3.1/thumb/v7e-m/fpv4-sp/hard/crti.o
                0x0000000008009034                _fini
 .fini          0x0000000008009038        0x8 c:/st/stm32cubeide_1.3.0/stm32cubeide/plugins/com.st.stm32cube.ide.mcu.externaltools.gnu-tools-for-stm32.7-2018-q2-update.win32_1.4.0.202007081208/tools/bin/../lib/gcc/arm-none-eabi/7.3.1/thumb/v7e-m/fpv4-sp/hard/crtn.o
                0x0000000008009040                . = ALIGN (0x4)
                0x0000000008009040                _etext = .

.vfp11_veneer   0x0000000008009040        0x0
 .vfp11_veneer  0x0000000008009040        0x0 linker stubs

.v4_bx          0x0000000008009040        0x0
 .v4_bx         0x0000000008009040        0x0 linker stubs

.iplt           0x0000000008009040        0x0
 .iplt          0x0000000008009040        0x0 c:/st/stm32cubeide_1.3.0/stm32cubeide/plugins/com.st.stm32cube.ide.mcu.externaltools.gnu-tools-for-stm32.7-2018-q2-update.win32_1.4.0.202007081208/tools/bin/../lib/gcc/arm-none-eabi/7.3.1/thumb/v7e-m/fpv4-sp/hard/crtbegin.o

.rodata         0x0000000008009040       0x68
                0x0000000008009040                . = ALIGN (0x4)
 *(.rodata)
 .rodata        0x0000000008009040       0x46 USB_DEVICE/App/usbd_desc.o
 *(.rodata*)
 *fill*         0x0000000008009086        0x2 
 .rodata.AHBPrescTable
                0x0000000008009088       0x10 Core/Src/system_stm32f4xx.o
                0x0000000008009088                AHBPrescTable
 .rodata.APBPrescTable
                0x0000000008009098        0x8 Core/Src/system_stm32f4xx.o
                0x0000000008009098                APBPrescTable
 .rodata.flagBitshiftOffset.8569
                0x00000000080090a0        0x8 Drivers/STM32F4xx_HAL_Driver/Src/stm32f4xx_hal_dma.o
                0x00000000080090a8                . = ALIGN (0x4)

.ARM.extab      0x00000000080090a8        0x0
                0x00000000080090a8                . = ALIGN (0x4)
 *(.ARM.extab* .gnu.linkonce.armextab.*)
                0x00000000080090a8                . = ALIGN (0x4)

.ARM            0x00000000080090a8        0x8
                0x00000000080090a8                . = ALIGN (0x4)
                0x00000000080090a8                __exidx_start = .
 *(.ARM.exidx*)
 .ARM.exidx     0x00000000080090a8        0x8 c:/st/stm32cubeide_1.3.0/stm32cubeide/plugins/com.st.stm32cube.ide.mcu.externaltools.gnu-tools-for-stm32.7-2018-q2-update.win32_1.4.0.202007081208/tools/bin/../lib/gcc/arm-none-eabi/7.3.1/thumb/v7e-m/fpv4-sp/hard\libgcc.a(_udivmoddi4.o)
                0x00000000080090b0                __exidx_end = .
                0x00000000080090b0                . = ALIGN (0x4)

.rel.dyn        0x00000000080090b0        0x0
 .rel.iplt      0x00000000080090b0        0x0 c:/st/stm32cubeide_1.3.0/stm32cubeide/plugins/com.st.stm32cube.ide.mcu.externaltools.gnu-tools-for-stm32.7-2018-q2-update.win32_1.4.0.202007081208/tools/bin/../lib/gcc/arm-none-eabi/7.3.1/thumb/v7e-m/fpv4-sp/hard/crtbegin.o

.preinit_array  0x00000000080090b0        0x0
                0x00000000080090b0                . = ALIGN (0x4)
                0x00000000080090b0                PROVIDE (__preinit_array_start = .)
 *(.preinit_array*)
                0x00000000080090b0                PROVIDE (__preinit_array_end = .)
                0x00000000080090b0                . = ALIGN (0x4)

.init_array     0x00000000080090b0        0x4
                0x00000000080090b0                . = ALIGN (0x4)
                0x00000000080090b0                PROVIDE (__init_array_start = .)
 *(SORT_BY_NAME(.init_array.*))
 *(.init_array*)
 .init_array    0x00000000080090b0        0x4 c:/st/stm32cubeide_1.3.0/stm32cubeide/plugins/com.st.stm32cube.ide.mcu.externaltools.gnu-tools-for-stm32.7-2018-q2-update.win32_1.4.0.202007081208/tools/bin/../lib/gcc/arm-none-eabi/7.3.1/thumb/v7e-m/fpv4-sp/hard/crtbegin.o
                0x00000000080090b4                PROVIDE (__init_array_end = .)
                0x00000000080090b4                . = ALIGN (0x4)

.fini_array     0x00000000080090b4        0x4
                0x00000000080090b4                . = ALIGN (0x4)
                [!provide]                        PROVIDE (__fini_array_start = .)
 *(SORT_BY_NAME(.fini_array.*))
 *(.fini_array*)
 .fini_array    0x00000000080090b4        0x4 c:/st/stm32cubeide_1.3.0/stm32cubeide/plugins/com.st.stm32cube.ide.mcu.externaltools.gnu-tools-for-stm32.7-2018-q2-update.win32_1.4.0.202007081208/tools/bin/../lib/gcc/arm-none-eabi/7.3.1/thumb/v7e-m/fpv4-sp/hard/crtbegin.o
                [!provide]                        PROVIDE (__fini_array_end = .)
                0x00000000080090b8                . = ALIGN (0x4)
                0x00000000080090b8                _sidata = LOADADDR (.data)

.data           0x0000000020000000      0x1e8 load address 0x00000000080090b8
                0x0000000020000000                . = ALIGN (0x4)
                0x0000000020000000                _sdata = .
 *(.data)
 *(.data*)
 .data.receivedData
                0x0000000020000000        0x4 Core/Src/main.o
                0x0000000020000000                receivedData
 .data.SystemCoreClock
                0x0000000020000004        0x4 Core/Src/system_stm32f4xx.o
                0x0000000020000004                SystemCoreClock
 .data.uwTickPrio
                0x0000000020000008        0x4 Drivers/STM32F4xx_HAL_Driver/Src/stm32f4xx_hal.o
                0x0000000020000008                uwTickPrio
 .data.uwTickFreq
                0x000000002000000c        0x1 Drivers/STM32F4xx_HAL_Driver/Src/stm32f4xx_hal.o
                0x000000002000000c                uwTickFreq
 *fill*         0x000000002000000d        0x3 
 .data.USBD_CDC_DeviceQualifierDesc
                0x0000000020000010        0xa Middlewares/ST/STM32_USB_Device_Library/Class/CDC/Src/usbd_cdc.o
 *fill*         0x000000002000001a        0x2 
 .data.USBD_CDC
                0x000000002000001c       0x38 Middlewares/ST/STM32_USB_Device_Library/Class/CDC/Src/usbd_cdc.o
                0x000000002000001c                USBD_CDC
 .data.USBD_CDC_CfgHSDesc
                0x0000000020000054       0x43 Middlewares/ST/STM32_USB_Device_Library/Class/CDC/Src/usbd_cdc.o
 *fill*         0x0000000020000097        0x1 
 .data.USBD_CDC_CfgFSDesc
                0x0000000020000098       0x43 Middlewares/ST/STM32_USB_Device_Library/Class/CDC/Src/usbd_cdc.o
 *fill*         0x00000000200000db        0x1 
 .data.USBD_CDC_OtherSpeedCfgDesc
                0x00000000200000dc       0x43 Middlewares/ST/STM32_USB_Device_Library/Class/CDC/Src/usbd_cdc.o
 *fill*         0x000000002000011f        0x1 
 .data.USBD_Interface_fops_FS
                0x0000000020000120       0x14 USB_DEVICE/App/usbd_cdc_if.o
                0x0000000020000120                USBD_Interface_fops_FS
 .data.FS_Desc  0x0000000020000134       0x1c USB_DEVICE/App/usbd_desc.o
                0x0000000020000134                FS_Desc
 .data.USBD_FS_DeviceDesc
                0x0000000020000150       0x12 USB_DEVICE/App/usbd_desc.o
                0x0000000020000150                USBD_FS_DeviceDesc
 *fill*         0x0000000020000162        0x2 
 .data.USBD_LangIDDesc
                0x0000000020000164        0x4 USB_DEVICE/App/usbd_desc.o
                0x0000000020000164                USBD_LangIDDesc
 .data.USBD_StringSerial
                0x0000000020000168       0x1a USB_DEVICE/App/usbd_desc.o
                0x0000000020000168                USBD_StringSerial
 *fill*         0x0000000020000182        0x2 
 .data._impure_ptr
                0x0000000020000184        0x4 c:/st/stm32cubeide_1.3.0/stm32cubeide/plugins/com.st.stm32cube.ide.mcu.externaltools.gnu-tools-for-stm32.7-2018-q2-update.win32_1.4.0.202007081208/tools/bin/../lib/gcc/arm-none-eabi/7.3.1/../../../../arm-none-eabi/lib/thumb/v7e-m/fpv4-sp/hard\libc_nano.a(lib_a-impure.o)
                0x0000000020000184                _impure_ptr
 .data.impure_data
                0x0000000020000188       0x60 c:/st/stm32cubeide_1.3.0/stm32cubeide/plugins/com.st.stm32cube.ide.mcu.externaltools.gnu-tools-for-stm32.7-2018-q2-update.win32_1.4.0.202007081208/tools/bin/../lib/gcc/arm-none-eabi/7.3.1/../../../../arm-none-eabi/lib/thumb/v7e-m/fpv4-sp/hard\libc_nano.a(lib_a-impure.o)
                0x00000000200001e8                . = ALIGN (0x4)
                0x00000000200001e8                _edata = .

.igot.plt       0x00000000200001e8        0x0 load address 0x00000000080092a0
 .igot.plt      0x00000000200001e8        0x0 c:/st/stm32cubeide_1.3.0/stm32cubeide/plugins/com.st.stm32cube.ide.mcu.externaltools.gnu-tools-for-stm32.7-2018-q2-update.win32_1.4.0.202007081208/tools/bin/../lib/gcc/arm-none-eabi/7.3.1/thumb/v7e-m/fpv4-sp/hard/crtbegin.o
                0x00000000200001e8                . = ALIGN (0x4)

.bss            0x00000000200001e8     0x1ad4 load address 0x00000000080092a0
                0x00000000200001e8                _sbss = .
                0x00000000200001e8                __bss_start__ = _sbss
 *(.bss)
 .bss           0x00000000200001e8       0x1c c:/st/stm32cubeide_1.3.0/stm32cubeide/plugins/com.st.stm32cube.ide.mcu.externaltools.gnu-tools-for-stm32.7-2018-q2-update.win32_1.4.0.202007081208/tools/bin/../lib/gcc/arm-none-eabi/7.3.1/thumb/v7e-m/fpv4-sp/hard/crtbegin.o
 *(.bss*)
 .bss.__sbrk_heap_end
                0x0000000020000204        0x4 Core/Src/sysmem.o
 .bss.cfgidx.10466
                0x0000000020000208        0x1 Middlewares/ST/STM32_USB_Device_Library/Core/Src/usbd_ctlreq.o
 *fill*         0x0000000020000209        0x3 
 .bss.__malloc_free_list
                0x000000002000020c        0x4 c:/st/stm32cubeide_1.3.0/stm32cubeide/plugins/com.st.stm32cube.ide.mcu.externaltools.gnu-tools-for-stm32.7-2018-q2-update.win32_1.4.0.202007081208/tools/bin/../lib/gcc/arm-none-eabi/7.3.1/../../../../arm-none-eabi/lib/thumb/v7e-m/fpv4-sp/hard\libc_nano.a(lib_a-nano-mallocr.o)
                0x000000002000020c                __malloc_free_list
 .bss.__malloc_sbrk_start
                0x0000000020000210        0x4 c:/st/stm32cubeide_1.3.0/stm32cubeide/plugins/com.st.stm32cube.ide.mcu.externaltools.gnu-tools-for-stm32.7-2018-q2-update.win32_1.4.0.202007081208/tools/bin/../lib/gcc/arm-none-eabi/7.3.1/../../../../arm-none-eabi/lib/thumb/v7e-m/fpv4-sp/hard\libc_nano.a(lib_a-nano-mallocr.o)
                0x0000000020000210                __malloc_sbrk_start
 *(COMMON)
 COMMON         0x0000000020000214      0x1c8 Core/Src/main.o
                0x0000000020000214                htim4
                0x0000000020000254                hadc1
                0x000000002000029c                Receiveflag
                0x00000000200002a0                huart1
                0x00000000200002e0                adcvalue
                0x00000000200002e4                hdma_adc1
                0x0000000020000344                hspi1
                0x000000002000039c                htim2
 COMMON         0x00000000200003dc        0x4 Drivers/STM32F4xx_HAL_Driver/Src/stm32f4xx_hal.o
                0x00000000200003dc                uwTick
 COMMON         0x00000000200003e0      0x2d0 USB_DEVICE/App/usb_device.o
                0x00000000200003e0                hUsbDeviceFS
 COMMON         0x00000000200006b0     0x1000 USB_DEVICE/App/usbd_cdc_if.o
                0x00000000200006b0                UserRxBufferFS
                0x0000000020000eb0                UserTxBufferFS
 COMMON         0x00000000200016b0      0x200 USB_DEVICE/App/usbd_desc.o
                0x00000000200016b0                USBD_StrDesc
 COMMON         0x00000000200018b0      0x408 USB_DEVICE/Target/usbd_conf.o
                0x00000000200018b0                hpcd_USB_OTG_FS
 COMMON         0x0000000020001cb8        0x4 c:/st/stm32cubeide_1.3.0/stm32cubeide/plugins/com.st.stm32cube.ide.mcu.externaltools.gnu-tools-for-stm32.7-2018-q2-update.win32_1.4.0.202007081208/tools/bin/../lib/gcc/arm-none-eabi/7.3.1/../../../../arm-none-eabi/lib/thumb/v7e-m/fpv4-sp/hard\libc_nano.a(lib_a-reent.o)
                0x0000000020001cb8                errno
                0x0000000020001cbc                . = ALIGN (0x4)
                0x0000000020001cbc                _ebss = .
                0x0000000020001cbc                __bss_end__ = _ebss

._user_heap_stack
                0x0000000020001cbc     0x6004 load address 0x00000000080092a0
                0x0000000020001cc0                . = ALIGN (0x8)
 *fill*         0x0000000020001cbc        0x4 
                [!provide]                        PROVIDE (end = .)
                0x0000000020001cc0                PROVIDE (_end = .)
                0x0000000020003cc0                . = (. + _Min_Heap_Size)
 *fill*         0x0000000020001cc0     0x2000 
                0x0000000020007cc0                . = (. + _Min_Stack_Size)
 *fill*         0x0000000020003cc0     0x4000 
                0x0000000020007cc0                . = ALIGN (0x8)

/DISCARD/
 libc.a(*)
 libm.a(*)
 libgcc.a(*)

.ARM.attributes
                0x0000000000000000       0x30
 *(.ARM.attributes)
 .ARM.attributes
                0x0000000000000000       0x22 c:/st/stm32cubeide_1.3.0/stm32cubeide/plugins/com.st.stm32cube.ide.mcu.externaltools.gnu-tools-for-stm32.7-2018-q2-update.win32_1.4.0.202007081208/tools/bin/../lib/gcc/arm-none-eabi/7.3.1/thumb/v7e-m/fpv4-sp/hard/crti.o
 .ARM.attributes
                0x0000000000000022       0x34 c:/st/stm32cubeide_1.3.0/stm32cubeide/plugins/com.st.stm32cube.ide.mcu.externaltools.gnu-tools-for-stm32.7-2018-q2-update.win32_1.4.0.202007081208/tools/bin/../lib/gcc/arm-none-eabi/7.3.1/thumb/v7e-m/fpv4-sp/hard/crtbegin.o
 .ARM.attributes
                0x0000000000000056       0x39 Core/Src/main.o
 .ARM.attributes
                0x000000000000008f       0x39 Core/Src/stm32f4xx_hal_msp.o
 .ARM.attributes
                0x00000000000000c8       0x39 Core/Src/stm32f4xx_it.o
 .ARM.attributes
                0x0000000000000101       0x39 Core/Src/sysmem.o
 .ARM.attributes
                0x000000000000013a       0x39 Core/Src/system_stm32f4xx.o
 .ARM.attributes
                0x0000000000000173       0x21 Core/Startup/startup_stm32f411vetx.o
 .ARM.attributes
                0x0000000000000194       0x39 Drivers/STM32F4xx_HAL_Driver/Src/stm32f4xx_hal.o
 .ARM.attributes
                0x00000000000001cd       0x39 Drivers/STM32F4xx_HAL_Driver/Src/stm32f4xx_hal_adc.o
 .ARM.attributes
                0x0000000000000206       0x39 Drivers/STM32F4xx_HAL_Driver/Src/stm32f4xx_hal_cortex.o
 .ARM.attributes
                0x000000000000023f       0x39 Drivers/STM32F4xx_HAL_Driver/Src/stm32f4xx_hal_dma.o
 .ARM.attributes
                0x0000000000000278       0x39 Drivers/STM32F4xx_HAL_Driver/Src/stm32f4xx_hal_gpio.o
 .ARM.attributes
                0x00000000000002b1       0x39 Drivers/STM32F4xx_HAL_Driver/Src/stm32f4xx_hal_pcd.o
 .ARM.attributes
                0x00000000000002ea       0x39 Drivers/STM32F4xx_HAL_Driver/Src/stm32f4xx_hal_pcd_ex.o
 .ARM.attributes
                0x0000000000000323       0x39 Drivers/STM32F4xx_HAL_Driver/Src/stm32f4xx_hal_rcc.o
 .ARM.attributes
                0x000000000000035c       0x39 Drivers/STM32F4xx_HAL_Driver/Src/stm32f4xx_hal_spi.o
 .ARM.attributes
                0x0000000000000395       0x39 Drivers/STM32F4xx_HAL_Driver/Src/stm32f4xx_hal_tim.o
 .ARM.attributes
                0x00000000000003ce       0x39 Drivers/STM32F4xx_HAL_Driver/Src/stm32f4xx_hal_tim_ex.o
 .ARM.attributes
                0x0000000000000407       0x39 Drivers/STM32F4xx_HAL_Driver/Src/stm32f4xx_hal_uart.o
 .ARM.attributes
                0x0000000000000440       0x39 Drivers/STM32F4xx_HAL_Driver/Src/stm32f4xx_ll_usb.o
 .ARM.attributes
                0x0000000000000479       0x39 Middlewares/ST/STM32_USB_Device_Library/Class/CDC/Src/usbd_cdc.o
 .ARM.attributes
                0x00000000000004b2       0x39 Middlewares/ST/STM32_USB_Device_Library/Core/Src/usbd_core.o
 .ARM.attributes
                0x00000000000004eb       0x39 Middlewares/ST/STM32_USB_Device_Library/Core/Src/usbd_ctlreq.o
 .ARM.attributes
                0x0000000000000524       0x39 Middlewares/ST/STM32_USB_Device_Library/Core/Src/usbd_ioreq.o
 .ARM.attributes
                0x000000000000055d       0x39 USB_DEVICE/App/usb_device.o
 .ARM.attributes
                0x0000000000000596       0x39 USB_DEVICE/App/usbd_cdc_if.o
 .ARM.attributes
                0x00000000000005cf       0x39 USB_DEVICE/App/usbd_desc.o
 .ARM.attributes
                0x0000000000000608       0x39 USB_DEVICE/Target/usbd_conf.o
 .ARM.attributes
                0x0000000000000641       0x34 c:/st/stm32cubeide_1.3.0/stm32cubeide/plugins/com.st.stm32cube.ide.mcu.externaltools.gnu-tools-for-stm32.7-2018-q2-update.win32_1.4.0.202007081208/tools/bin/../lib/gcc/arm-none-eabi/7.3.1/../../../../arm-none-eabi/lib/thumb/v7e-m/fpv4-sp/hard\libc_nano.a(lib_a-errno.o)
 .ARM.attributes
                0x0000000000000675       0x34 c:/st/stm32cubeide_1.3.0/stm32cubeide/plugins/com.st.stm32cube.ide.mcu.externaltools.gnu-tools-for-stm32.7-2018-q2-update.win32_1.4.0.202007081208/tools/bin/../lib/gcc/arm-none-eabi/7.3.1/../../../../arm-none-eabi/lib/thumb/v7e-m/fpv4-sp/hard\libc_nano.a(lib_a-impure.o)
 .ARM.attributes
                0x00000000000006a9       0x34 c:/st/stm32cubeide_1.3.0/stm32cubeide/plugins/com.st.stm32cube.ide.mcu.externaltools.gnu-tools-for-stm32.7-2018-q2-update.win32_1.4.0.202007081208/tools/bin/../lib/gcc/arm-none-eabi/7.3.1/../../../../arm-none-eabi/lib/thumb/v7e-m/fpv4-sp/hard\libc_nano.a(lib_a-init.o)
 .ARM.attributes
                0x00000000000006dd       0x34 c:/st/stm32cubeide_1.3.0/stm32cubeide/plugins/com.st.stm32cube.ide.mcu.externaltools.gnu-tools-for-stm32.7-2018-q2-update.win32_1.4.0.202007081208/tools/bin/../lib/gcc/arm-none-eabi/7.3.1/../../../../arm-none-eabi/lib/thumb/v7e-m/fpv4-sp/hard\libc_nano.a(lib_a-malloc.o)
 .ARM.attributes
                0x0000000000000711       0x34 c:/st/stm32cubeide_1.3.0/stm32cubeide/plugins/com.st.stm32cube.ide.mcu.externaltools.gnu-tools-for-stm32.7-2018-q2-update.win32_1.4.0.202007081208/tools/bin/../lib/gcc/arm-none-eabi/7.3.1/../../../../arm-none-eabi/lib/thumb/v7e-m/fpv4-sp/hard\libc_nano.a(lib_a-memset.o)
 .ARM.attributes
                0x0000000000000745       0x34 c:/st/stm32cubeide_1.3.0/stm32cubeide/plugins/com.st.stm32cube.ide.mcu.externaltools.gnu-tools-for-stm32.7-2018-q2-update.win32_1.4.0.202007081208/tools/bin/../lib/gcc/arm-none-eabi/7.3.1/../../../../arm-none-eabi/lib/thumb/v7e-m/fpv4-sp/hard\libc_nano.a(lib_a-nano-freer.o)
 .ARM.attributes
                0x0000000000000779       0x34 c:/st/stm32cubeide_1.3.0/stm32cubeide/plugins/com.st.stm32cube.ide.mcu.externaltools.gnu-tools-for-stm32.7-2018-q2-update.win32_1.4.0.202007081208/tools/bin/../lib/gcc/arm-none-eabi/7.3.1/../../../../arm-none-eabi/lib/thumb/v7e-m/fpv4-sp/hard\libc_nano.a(lib_a-nano-mallocr.o)
 .ARM.attributes
                0x00000000000007ad       0x34 c:/st/stm32cubeide_1.3.0/stm32cubeide/plugins/com.st.stm32cube.ide.mcu.externaltools.gnu-tools-for-stm32.7-2018-q2-update.win32_1.4.0.202007081208/tools/bin/../lib/gcc/arm-none-eabi/7.3.1/../../../../arm-none-eabi/lib/thumb/v7e-m/fpv4-sp/hard\libc_nano.a(lib_a-sbrkr.o)
 .ARM.attributes
                0x00000000000007e1       0x34 c:/st/stm32cubeide_1.3.0/stm32cubeide/plugins/com.st.stm32cube.ide.mcu.externaltools.gnu-tools-for-stm32.7-2018-q2-update.win32_1.4.0.202007081208/tools/bin/../lib/gcc/arm-none-eabi/7.3.1/../../../../arm-none-eabi/lib/thumb/v7e-m/fpv4-sp/hard\libc_nano.a(lib_a-mlock.o)
 .ARM.attributes
                0x0000000000000815       0x34 c:/st/stm32cubeide_1.3.0/stm32cubeide/plugins/com.st.stm32cube.ide.mcu.externaltools.gnu-tools-for-stm32.7-2018-q2-update.win32_1.4.0.202007081208/tools/bin/../lib/gcc/arm-none-eabi/7.3.1/../../../../arm-none-eabi/lib/thumb/v7e-m/fpv4-sp/hard\libc_nano.a(lib_a-reent.o)
 .ARM.attributes
                0x0000000000000849       0x22 c:/st/stm32cubeide_1.3.0/stm32cubeide/plugins/com.st.stm32cube.ide.mcu.externaltools.gnu-tools-for-stm32.7-2018-q2-update.win32_1.4.0.202007081208/tools/bin/../lib/gcc/arm-none-eabi/7.3.1/thumb/v7e-m/fpv4-sp/hard\libgcc.a(_aeabi_uldivmod.o)
 .ARM.attributes
                0x000000000000086b       0x34 c:/st/stm32cubeide_1.3.0/stm32cubeide/plugins/com.st.stm32cube.ide.mcu.externaltools.gnu-tools-for-stm32.7-2018-q2-update.win32_1.4.0.202007081208/tools/bin/../lib/gcc/arm-none-eabi/7.3.1/thumb/v7e-m/fpv4-sp/hard\libgcc.a(_udivmoddi4.o)
 .ARM.attributes
                0x000000000000089f       0x22 c:/st/stm32cubeide_1.3.0/stm32cubeide/plugins/com.st.stm32cube.ide.mcu.externaltools.gnu-tools-for-stm32.7-2018-q2-update.win32_1.4.0.202007081208/tools/bin/../lib/gcc/arm-none-eabi/7.3.1/thumb/v7e-m/fpv4-sp/hard\libgcc.a(_dvmd_tls.o)
 .ARM.attributes
                0x00000000000008c1       0x22 c:/st/stm32cubeide_1.3.0/stm32cubeide/plugins/com.st.stm32cube.ide.mcu.externaltools.gnu-tools-for-stm32.7-2018-q2-update.win32_1.4.0.202007081208/tools/bin/../lib/gcc/arm-none-eabi/7.3.1/thumb/v7e-m/fpv4-sp/hard/crtn.o
OUTPUT(projekas_F411.elf elf32-littlearm)

.debug_info     0x0000000000000000    0x1b6a7
 .debug_info    0x0000000000000000     0x246f Core/Src/main.o
 .debug_info    0x000000000000246f     0x12d9 Core/Src/stm32f4xx_hal_msp.o
 .debug_info    0x0000000000003748      0x8c0 Core/Src/stm32f4xx_it.o
 .debug_info    0x0000000000004008      0x985 Core/Src/sysmem.o
 .debug_info    0x000000000000498d      0x57e Core/Src/system_stm32f4xx.o
 .debug_info    0x0000000000004f0b       0x22 Core/Startup/startup_stm32f411vetx.o
 .debug_info    0x0000000000004f2d      0x8d5 Drivers/STM32F4xx_HAL_Driver/Src/stm32f4xx_hal.o
 .debug_info    0x0000000000005802      0xce6 Drivers/STM32F4xx_HAL_Driver/Src/stm32f4xx_hal_adc.o
 .debug_info    0x00000000000064e8      0xd98 Drivers/STM32F4xx_HAL_Driver/Src/stm32f4xx_hal_cortex.o
 .debug_info    0x0000000000007280      0x960 Drivers/STM32F4xx_HAL_Driver/Src/stm32f4xx_hal_dma.o
 .debug_info    0x0000000000007be0      0x7d7 Drivers/STM32F4xx_HAL_Driver/Src/stm32f4xx_hal_gpio.o
 .debug_info    0x00000000000083b7     0x11c2 Drivers/STM32F4xx_HAL_Driver/Src/stm32f4xx_hal_pcd.o
 .debug_info    0x0000000000009579      0x753 Drivers/STM32F4xx_HAL_Driver/Src/stm32f4xx_hal_pcd_ex.o
 .debug_info    0x0000000000009ccc      0x92a Drivers/STM32F4xx_HAL_Driver/Src/stm32f4xx_hal_rcc.o
 .debug_info    0x000000000000a5f6     0x1632 Drivers/STM32F4xx_HAL_Driver/Src/stm32f4xx_hal_spi.o
 .debug_info    0x000000000000bc28     0x24a1 Drivers/STM32F4xx_HAL_Driver/Src/stm32f4xx_hal_tim.o
 .debug_info    0x000000000000e0c9     0x114f Drivers/STM32F4xx_HAL_Driver/Src/stm32f4xx_hal_tim_ex.o
 .debug_info    0x000000000000f218     0x1244 Drivers/STM32F4xx_HAL_Driver/Src/stm32f4xx_hal_uart.o
 .debug_info    0x000000000001045c     0x18dd Drivers/STM32F4xx_HAL_Driver/Src/stm32f4xx_ll_usb.o
 .debug_info    0x0000000000011d39     0x1800 Middlewares/ST/STM32_USB_Device_Library/Class/CDC/Src/usbd_cdc.o
 .debug_info    0x0000000000013539     0x1285 Middlewares/ST/STM32_USB_Device_Library/Core/Src/usbd_core.o
 .debug_info    0x00000000000147be     0x123d Middlewares/ST/STM32_USB_Device_Library/Core/Src/usbd_ctlreq.o
 .debug_info    0x00000000000159fb      0xf88 Middlewares/ST/STM32_USB_Device_Library/Core/Src/usbd_ioreq.o
 .debug_info    0x0000000000016983      0xefb USB_DEVICE/App/usb_device.o
 .debug_info    0x000000000001787e     0x1142 USB_DEVICE/App/usbd_cdc_if.o
 .debug_info    0x00000000000189c0      0xd20 USB_DEVICE/App/usbd_desc.o
 .debug_info    0x00000000000196e0     0x1fc7 USB_DEVICE/Target/usbd_conf.o

.debug_abbrev   0x0000000000000000     0x3966
 .debug_abbrev  0x0000000000000000      0x2e9 Core/Src/main.o
 .debug_abbrev  0x00000000000002e9      0x209 Core/Src/stm32f4xx_hal_msp.o
 .debug_abbrev  0x00000000000004f2      0x183 Core/Src/stm32f4xx_it.o
 .debug_abbrev  0x0000000000000675      0x19b Core/Src/sysmem.o
 .debug_abbrev  0x0000000000000810      0x12b Core/Src/system_stm32f4xx.o
 .debug_abbrev  0x000000000000093b       0x12 Core/Startup/startup_stm32f411vetx.o
 .debug_abbrev  0x000000000000094d      0x1f2 Drivers/STM32F4xx_HAL_Driver/Src/stm32f4xx_hal.o
 .debug_abbrev  0x0000000000000b3f      0x1cd Drivers/STM32F4xx_HAL_Driver/Src/stm32f4xx_hal_adc.o
 .debug_abbrev  0x0000000000000d0c      0x2fa Drivers/STM32F4xx_HAL_Driver/Src/stm32f4xx_hal_cortex.o
 .debug_abbrev  0x0000000000001006      0x1f1 Drivers/STM32F4xx_HAL_Driver/Src/stm32f4xx_hal_dma.o
 .debug_abbrev  0x00000000000011f7      0x1c9 Drivers/STM32F4xx_HAL_Driver/Src/stm32f4xx_hal_gpio.o
 .debug_abbrev  0x00000000000013c0      0x266 Drivers/STM32F4xx_HAL_Driver/Src/stm32f4xx_hal_pcd.o
 .debug_abbrev  0x0000000000001626      0x1cf Drivers/STM32F4xx_HAL_Driver/Src/stm32f4xx_hal_pcd_ex.o
 .debug_abbrev  0x00000000000017f5      0x245 Drivers/STM32F4xx_HAL_Driver/Src/stm32f4xx_hal_rcc.o
 .debug_abbrev  0x0000000000001a3a      0x240 Drivers/STM32F4xx_HAL_Driver/Src/stm32f4xx_hal_spi.o
 .debug_abbrev  0x0000000000001c7a      0x23f Drivers/STM32F4xx_HAL_Driver/Src/stm32f4xx_hal_tim.o
 .debug_abbrev  0x0000000000001eb9      0x22d Drivers/STM32F4xx_HAL_Driver/Src/stm32f4xx_hal_tim_ex.o
 .debug_abbrev  0x00000000000020e6      0x251 Drivers/STM32F4xx_HAL_Driver/Src/stm32f4xx_hal_uart.o
 .debug_abbrev  0x0000000000002337      0x26d Drivers/STM32F4xx_HAL_Driver/Src/stm32f4xx_ll_usb.o
 .debug_abbrev  0x00000000000025a4      0x2bc Middlewares/ST/STM32_USB_Device_Library/Class/CDC/Src/usbd_cdc.o
 .debug_abbrev  0x0000000000002860      0x27d Middlewares/ST/STM32_USB_Device_Library/Core/Src/usbd_core.o
 .debug_abbrev  0x0000000000002add      0x2ba Middlewares/ST/STM32_USB_Device_Library/Core/Src/usbd_ctlreq.o
 .debug_abbrev  0x0000000000002d97      0x1fc Middlewares/ST/STM32_USB_Device_Library/Core/Src/usbd_ioreq.o
 .debug_abbrev  0x0000000000002f93      0x1da USB_DEVICE/App/usb_device.o
 .debug_abbrev  0x000000000000316d      0x2e4 USB_DEVICE/App/usbd_cdc_if.o
 .debug_abbrev  0x0000000000003451      0x265 USB_DEVICE/App/usbd_desc.o
 .debug_abbrev  0x00000000000036b6      0x2b0 USB_DEVICE/Target/usbd_conf.o

.debug_aranges  0x0000000000000000     0x15e0
 .debug_aranges
                0x0000000000000000       0x88 Core/Src/main.o
 .debug_aranges
                0x0000000000000088       0x78 Core/Src/stm32f4xx_hal_msp.o
 .debug_aranges
                0x0000000000000100       0x78 Core/Src/stm32f4xx_it.o
 .debug_aranges
                0x0000000000000178       0x20 Core/Src/sysmem.o
 .debug_aranges
                0x0000000000000198       0x28 Core/Src/system_stm32f4xx.o
 .debug_aranges
                0x00000000000001c0       0x28 Core/Startup/startup_stm32f411vetx.o
 .debug_aranges
                0x00000000000001e8       0xf0 Drivers/STM32F4xx_HAL_Driver/Src/stm32f4xx_hal.o
 .debug_aranges
                0x00000000000002d8       0xe8 Drivers/STM32F4xx_HAL_Driver/Src/stm32f4xx_hal_adc.o
 .debug_aranges
                0x00000000000003c0      0x118 Drivers/STM32F4xx_HAL_Driver/Src/stm32f4xx_hal_cortex.o
 .debug_aranges
                0x00000000000004d8       0x90 Drivers/STM32F4xx_HAL_Driver/Src/stm32f4xx_hal_dma.o
 .debug_aranges
                0x0000000000000568       0x58 Drivers/STM32F4xx_HAL_Driver/Src/stm32f4xx_hal_gpio.o
 .debug_aranges
                0x00000000000005c0      0x138 Drivers/STM32F4xx_HAL_Driver/Src/stm32f4xx_hal_pcd.o
 .debug_aranges
                0x00000000000006f8       0x38 Drivers/STM32F4xx_HAL_Driver/Src/stm32f4xx_hal_pcd_ex.o
 .debug_aranges
                0x0000000000000730       0x88 Drivers/STM32F4xx_HAL_Driver/Src/stm32f4xx_hal_rcc.o
 .debug_aranges
                0x00000000000007b8      0x1d0 Drivers/STM32F4xx_HAL_Driver/Src/stm32f4xx_hal_spi.o
 .debug_aranges
                0x0000000000000988      0x3a8 Drivers/STM32F4xx_HAL_Driver/Src/stm32f4xx_hal_tim.o
 .debug_aranges
                0x0000000000000d30      0x150 Drivers/STM32F4xx_HAL_Driver/Src/stm32f4xx_hal_tim_ex.o
 .debug_aranges
                0x0000000000000e80      0x1d0 Drivers/STM32F4xx_HAL_Driver/Src/stm32f4xx_hal_uart.o
 .debug_aranges
                0x0000000000001050      0x198 Drivers/STM32F4xx_HAL_Driver/Src/stm32f4xx_ll_usb.o
 .debug_aranges
                0x00000000000011e8       0x90 Middlewares/ST/STM32_USB_Device_Library/Class/CDC/Src/usbd_cdc.o
 .debug_aranges
                0x0000000000001278       0xb8 Middlewares/ST/STM32_USB_Device_Library/Core/Src/usbd_core.o
 .debug_aranges
                0x0000000000001330       0x90 Middlewares/ST/STM32_USB_Device_Library/Core/Src/usbd_ctlreq.o
 .debug_aranges
                0x00000000000013c0       0x50 Middlewares/ST/STM32_USB_Device_Library/Core/Src/usbd_ioreq.o
 .debug_aranges
                0x0000000000001410       0x20 USB_DEVICE/App/usb_device.o
 .debug_aranges
                0x0000000000001430       0x50 USB_DEVICE/App/usbd_cdc_if.o
 .debug_aranges
                0x0000000000001480       0x60 USB_DEVICE/App/usbd_desc.o
 .debug_aranges
                0x00000000000014e0      0x100 USB_DEVICE/Target/usbd_conf.o

.debug_ranges   0x0000000000000000     0x1438
 .debug_ranges  0x0000000000000000       0x78 Core/Src/main.o
 .debug_ranges  0x0000000000000078       0x68 Core/Src/stm32f4xx_hal_msp.o
 .debug_ranges  0x00000000000000e0       0x68 Core/Src/stm32f4xx_it.o
 .debug_ranges  0x0000000000000148       0x10 Core/Src/sysmem.o
 .debug_ranges  0x0000000000000158       0x18 Core/Src/system_stm32f4xx.o
 .debug_ranges  0x0000000000000170       0x20 Core/Startup/startup_stm32f411vetx.o
 .debug_ranges  0x0000000000000190       0xe0 Drivers/STM32F4xx_HAL_Driver/Src/stm32f4xx_hal.o
 .debug_ranges  0x0000000000000270       0xd8 Drivers/STM32F4xx_HAL_Driver/Src/stm32f4xx_hal_adc.o
 .debug_ranges  0x0000000000000348      0x108 Drivers/STM32F4xx_HAL_Driver/Src/stm32f4xx_hal_cortex.o
 .debug_ranges  0x0000000000000450       0x80 Drivers/STM32F4xx_HAL_Driver/Src/stm32f4xx_hal_dma.o
 .debug_ranges  0x00000000000004d0       0x48 Drivers/STM32F4xx_HAL_Driver/Src/stm32f4xx_hal_gpio.o
 .debug_ranges  0x0000000000000518      0x128 Drivers/STM32F4xx_HAL_Driver/Src/stm32f4xx_hal_pcd.o
 .debug_ranges  0x0000000000000640       0x28 Drivers/STM32F4xx_HAL_Driver/Src/stm32f4xx_hal_pcd_ex.o
 .debug_ranges  0x0000000000000668       0x78 Drivers/STM32F4xx_HAL_Driver/Src/stm32f4xx_hal_rcc.o
 .debug_ranges  0x00000000000006e0      0x1c0 Drivers/STM32F4xx_HAL_Driver/Src/stm32f4xx_hal_spi.o
 .debug_ranges  0x00000000000008a0      0x398 Drivers/STM32F4xx_HAL_Driver/Src/stm32f4xx_hal_tim.o
 .debug_ranges  0x0000000000000c38      0x140 Drivers/STM32F4xx_HAL_Driver/Src/stm32f4xx_hal_tim_ex.o
 .debug_ranges  0x0000000000000d78      0x1c0 Drivers/STM32F4xx_HAL_Driver/Src/stm32f4xx_hal_uart.o
 .debug_ranges  0x0000000000000f38      0x188 Drivers/STM32F4xx_HAL_Driver/Src/stm32f4xx_ll_usb.o
 .debug_ranges  0x00000000000010c0       0x80 Middlewares/ST/STM32_USB_Device_Library/Class/CDC/Src/usbd_cdc.o
 .debug_ranges  0x0000000000001140       0xa8 Middlewares/ST/STM32_USB_Device_Library/Core/Src/usbd_core.o
 .debug_ranges  0x00000000000011e8       0x80 Middlewares/ST/STM32_USB_Device_Library/Core/Src/usbd_ctlreq.o
 .debug_ranges  0x0000000000001268       0x40 Middlewares/ST/STM32_USB_Device_Library/Core/Src/usbd_ioreq.o
 .debug_ranges  0x00000000000012a8       0x10 USB_DEVICE/App/usb_device.o
 .debug_ranges  0x00000000000012b8       0x40 USB_DEVICE/App/usbd_cdc_if.o
 .debug_ranges  0x00000000000012f8       0x50 USB_DEVICE/App/usbd_desc.o
 .debug_ranges  0x0000000000001348       0xf0 USB_DEVICE/Target/usbd_conf.o

.debug_macro    0x0000000000000000    0x1a96d
 .debug_macro   0x0000000000000000      0x474 Core/Src/main.o
 .debug_macro   0x0000000000000474      0xa5a Core/Src/main.o
 .debug_macro   0x0000000000000ece      0x2a6 Core/Src/main.o
 .debug_macro   0x0000000000001174       0x2e Core/Src/main.o
 .debug_macro   0x00000000000011a2       0x28 Core/Src/main.o
 .debug_macro   0x00000000000011ca       0x22 Core/Src/main.o
 .debug_macro   0x00000000000011ec       0x8e Core/Src/main.o
 .debug_macro   0x000000000000127a       0x51 Core/Src/main.o
 .debug_macro   0x00000000000012cb       0xef Core/Src/main.o
 .debug_macro   0x00000000000013ba       0x6a Core/Src/main.o
 .debug_macro   0x0000000000001424      0x1df Core/Src/main.o
 .debug_macro   0x0000000000001603       0x1c Core/Src/main.o
 .debug_macro   0x000000000000161f       0x22 Core/Src/main.o
 .debug_macro   0x0000000000001641       0xdf Core/Src/main.o
 .debug_macro   0x0000000000001720     0x102d Core/Src/main.o
 .debug_macro   0x000000000000274d      0x11f Core/Src/main.o
 .debug_macro   0x000000000000286c     0xb937 Core/Src/main.o
 .debug_macro   0x000000000000e1a3       0x43 Core/Src/main.o
 .debug_macro   0x000000000000e1e6     0x3659 Core/Src/main.o
 .debug_macro   0x000000000001183f      0x174 Core/Src/main.o
 .debug_macro   0x00000000000119b3       0x5a Core/Src/main.o
 .debug_macro   0x0000000000011a0d      0x447 Core/Src/main.o
 .debug_macro   0x0000000000011e54      0x9fe Core/Src/main.o
 .debug_macro   0x0000000000012852      0x117 Core/Src/main.o
 .debug_macro   0x0000000000012969      0x11b Core/Src/main.o
 .debug_macro   0x0000000000012a84       0x27 Core/Src/main.o
 .debug_macro   0x0000000000012aab      0x15f Core/Src/main.o
 .debug_macro   0x0000000000012c0a      0x287 Core/Src/main.o
 .debug_macro   0x0000000000012e91       0x5f Core/Src/main.o
 .debug_macro   0x0000000000012ef0      0x236 Core/Src/main.o
 .debug_macro   0x0000000000013126      0x391 Core/Src/main.o
 .debug_macro   0x00000000000134b7      0x17d Core/Src/main.o
 .debug_macro   0x0000000000013634       0xf9 Core/Src/main.o
 .debug_macro   0x000000000001372d      0x132 Core/Src/main.o
 .debug_macro   0x000000000001385f      0x264 Core/Src/main.o
 .debug_macro   0x0000000000013ac3       0x2e Core/Src/main.o
 .debug_macro   0x0000000000013af1      0x11a Core/Src/main.o
 .debug_macro   0x0000000000013c0b       0x85 Core/Src/main.o
 .debug_macro   0x0000000000013c90       0x89 Core/Src/main.o
 .debug_macro   0x0000000000013d19      0x225 Core/Src/main.o
 .debug_macro   0x0000000000013f3e      0x8a0 Core/Src/main.o
 .debug_macro   0x00000000000147de       0x47 Core/Src/main.o
 .debug_macro   0x0000000000014825      0x287 Core/Src/main.o
 .debug_macro   0x0000000000014aac      0x21e Core/Src/main.o
 .debug_macro   0x0000000000014cca       0xba Core/Src/main.o
 .debug_macro   0x0000000000014d84      0x126 Core/Src/main.o
 .debug_macro   0x0000000000014eaa       0x88 Core/Src/main.o
 .debug_macro   0x0000000000014f32       0x46 Core/Src/main.o
 .debug_macro   0x0000000000014f78       0x18 Core/Src/main.o
 .debug_macro   0x0000000000014f90       0x3c Core/Src/main.o
 .debug_macro   0x0000000000014fcc       0x34 Core/Src/main.o
 .debug_macro   0x0000000000015000       0x16 Core/Src/main.o
 .debug_macro   0x0000000000015016       0x35 Core/Src/main.o
 .debug_macro   0x000000000001504b      0x32a Core/Src/main.o
 .debug_macro   0x0000000000015375       0x10 Core/Src/main.o
 .debug_macro   0x0000000000015385       0x52 Core/Src/main.o
 .debug_macro   0x00000000000153d7       0x1f Core/Src/main.o
 .debug_macro   0x00000000000153f6       0x43 Core/Src/main.o
 .debug_macro   0x0000000000015439       0x20 Core/Src/main.o
 .debug_macro   0x0000000000015459      0x1a3 Core/Src/main.o
 .debug_macro   0x00000000000155fc       0x10 Core/Src/main.o
 .debug_macro   0x000000000001560c       0x1c Core/Src/main.o
 .debug_macro   0x0000000000015628       0x52 Core/Src/main.o
 .debug_macro   0x000000000001567a       0x40 Core/Src/main.o
 .debug_macro   0x00000000000156ba       0x10 Core/Src/main.o
 .debug_macro   0x00000000000156ca       0x40 Core/Src/main.o
 .debug_macro   0x000000000001570a       0xd7 Core/Src/main.o
 .debug_macro   0x00000000000157e1       0x1c Core/Src/main.o
 .debug_macro   0x00000000000157fd       0x3d Core/Src/main.o
 .debug_macro   0x000000000001583a       0x16 Core/Src/main.o
 .debug_macro   0x0000000000015850      0x145 Core/Src/main.o
 .debug_macro   0x0000000000015995       0x16 Core/Src/main.o