main.c:85:6:reading_sensor	16	static
main.c:104:6:HAL_GPIO_EXTI_Callback	16	static
main.c:113:6:HAL_ADC_ConvCpltCallback	16	static
main.c:117:6:checking_baterry	8	static
main.c:129:6:CDC_ReceiveCallback	16	static
main.c:135:6:Motors_Control	16	static
main.c:171:6:checking_package	16	static
main.c:189:5:main	8	static
main.c:277:6:SystemClock_Config	88	static
main.c:321:13:MX_ADC1_Init	24	static
main.c:371:13:MX_SPI1_Init	8	static
main.c:409:13:MX_TIM2_Init	48	static
main.c:457:13:MX_TIM4_Init	64	static
main.c:520:13:MX_USART1_UART_Init	8	static
main.c:551:13:MX_DMA_Init	16	static
main.c:569:13:MX_GPIO_Init	48	static
main.c:635:6:Error_Handler	4	static
