main.c:89:6:HAL_ADC_ConvCpltCallback	16	static
main.c:93:6:checking_baterry	8	static
main.c:105:6:CDC_ReceiveCallback	16	static
main.c:111:6:Motors_Control	16	static
main.c:157:5:main	8	static
main.c:219:6:SystemClock_Config	88	static
main.c:263:13:MX_ADC1_Init	24	static
main.c:313:13:MX_SPI1_Init	8	static
main.c:351:13:MX_TIM2_Init	48	static
main.c:399:13:MX_TIM4_Init	64	static
main.c:462:13:MX_USART1_UART_Init	8	static
main.c:493:13:MX_DMA_Init	16	static
main.c:511:13:MX_GPIO_Init	48	static
main.c:585:6:Error_Handler	4	static
